MPLINK 5.08, LINKER
Linker Map File - Created Tue Sep 16 16:35:49 2025

                                 Section Info
                  Section       Type    Address   Location Size(Bytes)
                ---------  ---------  ---------  ---------  ---------
                   .org_0       code   0x000000    program   0x000020
                   .cinit    romdata   0x000020    program   0x000002
.config_300001_BUILD/DEFAULT/PRODUCTION/LAB3P3.    romdata   0x300001    program   0x000001
.config_300002_BUILD/DEFAULT/PRODUCTION/LAB3P3.    romdata   0x300002    program   0x000001
.config_300003_BUILD/DEFAULT/PRODUCTION/LAB3P3.    romdata   0x300003    program   0x000001
.config_300006_BUILD/DEFAULT/PRODUCTION/LAB3P3.    romdata   0x300006    program   0x000001



                              Program Memory Usage 
                               Start         End      
                           ---------   ---------      
                            0x000000    0x000021      
                            0x300001    0x300003      
                            0x300006    0x300006      
            38 out of 66584 program addresses used, program memory utilization is 0%



                              Symbols - Sorted by Name
                     Name    Address   Location    Storage File                     
                ---------  ---------  ---------  --------- ---------                
                     LOOP   0x000012    program     static C:\Users\tayle\MPLABXV42\lab3\part3\Lab3p3.X\lab3p3.asm
                     MAIN   0x000004    program     static C:\Users\tayle\MPLABXV42\lab3\part3\Lab3p3.X\lab3p3.asm



                              Symbols - Sorted by Address
                     Name    Address   Location    Storage File                     
                ---------  ---------  ---------  --------- ---------                
                     MAIN   0x000004    program     static C:\Users\tayle\MPLABXV42\lab3\part3\Lab3p3.X\lab3p3.asm
                     LOOP   0x000012    program     static C:\Users\tayle\MPLABXV42\lab3\part3\Lab3p3.X\lab3p3.asm


