MPLINK 5.08, LINKER
Linker Map File - Created Tue Sep 23 18:19:10 2025

                                 Section Info
                  Section       Type    Address   Location Size(Bytes)
                ---------  ---------  ---------  ---------  ---------
                   .org_0       code   0x000000    program   0x00012a
                   .cinit    romdata   0x00012a    program   0x000002
.config_300001_BUILD/DEFAULT/PRODUCTION/LAB4P7.    romdata   0x300001    program   0x000001
.config_300002_BUILD/DEFAULT/PRODUCTION/LAB4P7.    romdata   0x300002    program   0x000001
.config_300003_BUILD/DEFAULT/PRODUCTION/LAB4P7.    romdata   0x300003    program   0x000001
.config_300006_BUILD/DEFAULT/PRODUCTION/LAB4P7.    romdata   0x300006    program   0x000001



                              Program Memory Usage 
                               Start         End      
                           ---------   ---------      
                            0x000000    0x00012b      
                            0x300001    0x300003      
                            0x300006    0x300006      
            304 out of 66584 program addresses used, program memory utilization is 0%



                              Symbols - Sorted by Name
                     Name    Address   Location    Storage File                     
                ---------  ---------  ---------  --------- ---------                
                  GREATER   0x00010a    program     static C:\Users\tayle\MPLABXV42\lab4\part7\Lab4p7.X\lab4p7.asm
                     LESS   0x00011c    program     static C:\Users\tayle\MPLABXV42\lab4\part7\Lab4p7.X\lab4p7.asm
                MAIN_LOOP   0x000014    program     static C:\Users\tayle\MPLABXV42\lab4\part7\Lab4p7.X\lab4p7.asm
              PORTD21EQ00   0x00003e    program     static C:\Users\tayle\MPLABXV42\lab4\part7\Lab4p7.X\lab4p7.asm
              PORTD21EQ01   0x00002c    program     static C:\Users\tayle\MPLABXV42\lab4\part7\Lab4p7.X\lab4p7.asm
             PORTD22EQ010   0x00003a    program     static C:\Users\tayle\MPLABXV42\lab4\part7\Lab4p7.X\lab4p7.asm
             PORTD22EQ011   0x000036    program     static C:\Users\tayle\MPLABXV42\lab4\part7\Lab4p7.X\lab4p7.asm
             PORTD23EQ000   0x00004c    program     static C:\Users\tayle\MPLABXV42\lab4\part7\Lab4p7.X\lab4p7.asm
             PORTD23EQ001   0x000048    program     static C:\Users\tayle\MPLABXV42\lab4\part7\Lab4p7.X\lab4p7.asm
                PORTD2EQ0   0x000022    program     static C:\Users\tayle\MPLABXV42\lab4\part7\Lab4p7.X\lab4p7.asm
                PORTD2EQ1   0x00001e    program     static C:\Users\tayle\MPLABXV42\lab4\part7\Lab4p7.X\lab4p7.asm
           SET_PORTE_BIT0   0x0000ac    program     static C:\Users\tayle\MPLABXV42\lab4\part7\Lab4p7.X\lab4p7.asm
                    START   0x000000    program     static C:\Users\tayle\MPLABXV42\lab4\part7\Lab4p7.X\lab4p7.asm
                  SUB_ADD   0x0000b0    program     static C:\Users\tayle\MPLABXV42\lab4\part7\Lab4p7.X\lab4p7.asm
                  SUB_AND   0x0000c8    program     static C:\Users\tayle\MPLABXV42\lab4\part7\Lab4p7.X\lab4p7.asm
                  SUB_BCD   0x0000f8    program     static C:\Users\tayle\MPLABXV42\lab4\part7\Lab4p7.X\lab4p7.asm
                 SUB_COMP   0x000096    program     static C:\Users\tayle\MPLABXV42\lab4\part7\Lab4p7.X\lab4p7.asm
                  SUB_XOR   0x0000e0    program     static C:\Users\tayle\MPLABXV42\lab4\part7\Lab4p7.X\lab4p7.asm
                 TASK_ADD   0x00005e    program     static C:\Users\tayle\MPLABXV42\lab4\part7\Lab4p7.X\lab4p7.asm
                 TASK_AND   0x00006c    program     static C:\Users\tayle\MPLABXV42\lab4\part7\Lab4p7.X\lab4p7.asm
                 TASK_BCD   0x000088    program     static C:\Users\tayle\MPLABXV42\lab4\part7\Lab4p7.X\lab4p7.asm
                TASK_COMP   0x000050    program     static C:\Users\tayle\MPLABXV42\lab4\part7\Lab4p7.X\lab4p7.asm
                 TASK_XOR   0x00007a    program     static C:\Users\tayle\MPLABXV42\lab4\part7\Lab4p7.X\lab4p7.asm



                              Symbols - Sorted by Address
                     Name    Address   Location    Storage File                     
                ---------  ---------  ---------  --------- ---------                
                    START   0x000000    program     static C:\Users\tayle\MPLABXV42\lab4\part7\Lab4p7.X\lab4p7.asm
                MAIN_LOOP   0x000014    program     static C:\Users\tayle\MPLABXV42\lab4\part7\Lab4p7.X\lab4p7.asm
                PORTD2EQ1   0x00001e    program     static C:\Users\tayle\MPLABXV42\lab4\part7\Lab4p7.X\lab4p7.asm
                PORTD2EQ0   0x000022    program     static C:\Users\tayle\MPLABXV42\lab4\part7\Lab4p7.X\lab4p7.asm
              PORTD21EQ01   0x00002c    program     static C:\Users\tayle\MPLABXV42\lab4\part7\Lab4p7.X\lab4p7.asm
             PORTD22EQ011   0x000036    program     static C:\Users\tayle\MPLABXV42\lab4\part7\Lab4p7.X\lab4p7.asm
             PORTD22EQ010   0x00003a    program     static C:\Users\tayle\MPLABXV42\lab4\part7\Lab4p7.X\lab4p7.asm
              PORTD21EQ00   0x00003e    program     static C:\Users\tayle\MPLABXV42\lab4\part7\Lab4p7.X\lab4p7.asm
             PORTD23EQ001   0x000048    program     static C:\Users\tayle\MPLABXV42\lab4\part7\Lab4p7.X\lab4p7.asm
             PORTD23EQ000   0x00004c    program     static C:\Users\tayle\MPLABXV42\lab4\part7\Lab4p7.X\lab4p7.asm
                TASK_COMP   0x000050    program     static C:\Users\tayle\MPLABXV42\lab4\part7\Lab4p7.X\lab4p7.asm
                 TASK_ADD   0x00005e    program     static C:\Users\tayle\MPLABXV42\lab4\part7\Lab4p7.X\lab4p7.asm
                 TASK_AND   0x00006c    program     static C:\Users\tayle\MPLABXV42\lab4\part7\Lab4p7.X\lab4p7.asm
                 TASK_XOR   0x00007a    program     static C:\Users\tayle\MPLABXV42\lab4\part7\Lab4p7.X\lab4p7.asm
                 TASK_BCD   0x000088    program     static C:\Users\tayle\MPLABXV42\lab4\part7\Lab4p7.X\lab4p7.asm
                 SUB_COMP   0x000096    program     static C:\Users\tayle\MPLABXV42\lab4\part7\Lab4p7.X\lab4p7.asm
           SET_PORTE_BIT0   0x0000ac    program     static C:\Users\tayle\MPLABXV42\lab4\part7\Lab4p7.X\lab4p7.asm
                  SUB_ADD   0x0000b0    program     static C:\Users\tayle\MPLABXV42\lab4\part7\Lab4p7.X\lab4p7.asm
                  SUB_AND   0x0000c8    program     static C:\Users\tayle\MPLABXV42\lab4\part7\Lab4p7.X\lab4p7.asm
                  SUB_XOR   0x0000e0    program     static C:\Users\tayle\MPLABXV42\lab4\part7\Lab4p7.X\lab4p7.asm
                  SUB_BCD   0x0000f8    program     static C:\Users\tayle\MPLABXV42\lab4\part7\Lab4p7.X\lab4p7.asm
                  GREATER   0x00010a    program     static C:\Users\tayle\MPLABXV42\lab4\part7\Lab4p7.X\lab4p7.asm
                     LESS   0x00011c    program     static C:\Users\tayle\MPLABXV42\lab4\part7\Lab4p7.X\lab4p7.asm


