Microchip MPLAB XC8 Compiler V1.34 ()

Linker command line:

-W-3 --edf=C:\Program Files (x86)\Microchip\xc8\v1.34\dat\en_msgs.txt -cs \
  -h+dist/default/production\lab7.X.production.sym \
  --cmf=dist/default/production\lab7.X.production.cmf -z -Q18F4620 \
  -oC:\Users\tayle\AppData\Local\Temp\s19i8.6 \
  -Mdist/default/production/lab7.X.production.map -E1 -ver=XC8 \
  -ASTACK=0DAh-0f7fh -pstack=STACK -ACODE=00h-0FFFFh -ACONST=00h-0FFFFh \
  -ASMALLCONST=01000h-010FFhx240 -AMEDIUMCONST=01000h-0FFFFh \
  -ACOMRAM=01h-07Fh -AABS1=00h-0F7Fh -ABIGRAM=01h-0F7Fh \
  -ARAM=080h-0FFh,0100h-01FFhx14,0F00h-0F7Fh -ABANK0=080h-0FFh \
  -ABANK1=0100h-01FFh -ABANK2=0200h-02FFh -ABANK3=0300h-03FFh \
  -ABANK4=0400h-04FFh -ABANK5=0500h-05FFh -ABANK6=0600h-06FFh \
  -ABANK7=0700h-07FFh -ABANK8=0800h-08FFh -ABANK9=0900h-09FFh \
  -ABANK10=0A00h-0AFFh -ABANK11=0B00h-0BFFh -ABANK12=0C00h-0CFFh \
  -ABANK13=0D00h-0DFFh -ABANK14=0E00h-0EFFh -ABANK15=0F00h-0F7Fh \
  -ASFR=0F80h-0FFFh \
  -preset_vec=00h,intcode=08h,intcodelo,powerup,init,end_init \
  -pramtop=01000h -psmallconst=SMALLCONST -pmediumconst=MEDIUMCONST \
  -pconst=CONST -AFARRAM=00h-00h -ACONFIG=0300000h-030000Dh -pconfig=CONFIG \
  -AIDLOC=0200000h-0200007h -pidloc=IDLOC -AEEDATA=0F00000h-0F003FFh \
  -peeprom_data=EEDATA \
  -prdata=COMRAM,nvrram=COMRAM,nvbit=COMRAM,rbss=COMRAM,rbit=COMRAM \
  -pfarbss=FARRAM,fardata=FARRAM,nvFARRAM=FARRAM \
  -pintsave_regs=BIGRAM,bigbss=BIGRAM,bigdata=BIGRAM -pbss=RAM \
  -pidata=CODE,irdata=CODE,ibigdata=CODE,ifardata=CODE -prparam=COMRAM \
  C:\Users\tayle\AppData\Local\Temp\s19i8.obj \
  dist/default/production\lab7.X.production.obj 

Object code version is 3.11

Machine type is 18F4620

Call graph: (short form)




                Name                               Link     Load   Length Selector   Space Scale
C:\Users\tayle\AppData\Local\Temp\s19i8.obj
                end_init                             18       18        4        4       0
                reset_vec                             0        0        4        0       0
                idloc                            200000   200000        8   200000       0
                config                           300000   300000        E   300000       0
dist/default/production\lab7.X.production.obj
                intcode                               8        8       10        4       0
                mediumconst                        FDCE     FDCE      232     7EE7       0
                text61                             28C2     28C2        8     1420       0
                intcode_body                       2024     2024       72        4       0
                text59                             287A     287A       12     1420       0
                text58                             28BA     28BA        8     1420       0
                text57                             276A     276A       28        4       0
                text56                             2854     2854       14     1420       0
                text55                             289C     289C       10     1420       0
                text54                             288C     288C       10     1420       0
                text53                             239A     239A       4E        4       0
                text52                             26E6     26E6       30        4       0
                text51                             1F1A     1F1A       88        4       0
                text50                             23E8     23E8       4A        4       0
                text49                             10A8     10A8      156        4       0
                text48                             2590     2590       3E        4       0
                text47                             1446     1446      10A        4       0
                text46                             26B4     26B4       32        4       0
                text45                             2644     2644       3A        4       0
                text44                             260A     260A       3A        4       0
                text43                             2810     2810       1A        4       0
                text42                             1AAA     1AAA       C6        4       0
                text41                             25CE     25CE       3C        4       0
                text40                             1820     1820       E2        4       0
                text39                             2792     2792       26        4       0
                text38                             2106     2106       6E        4       0
                text37                             1FA2     1FA2       82        4       0
                text36                             1DFC     1DFC       96        4       0
                text35                             1550     1550       F8        4       0
                text34                             173A     173A       E6        4       0
                text33                              AF8      AF8      278        4       0
                text32                             27B8     27B8       22        4       0
                text31                             1D66     1D66       96        4       0
                text30                             19DE     19DE       CC        4       0
                text29                             229C     229C       5A        4       0
                text28                              D70      D70      1AE        4       0
                text27                             11FE     11FE      138        4       0
                text26                             2348     2348       52        4       0
                text25                              796      796      362        4       0
                text24                             250A     250A       48        4       0
                text23                             24C2     24C2       48        4       0
                text22                             247A     247A       48        4       0
                text21                             2432     2432       48        4       0
                text20                             27F6     27F6       1A        4       0
                text19                              F1E      F1E      18A        4       0
                text18                             267E     267E       36        4       0
                text17                             1B70     1B70       C0        4       0
                text16                             223C     223C       60        4       0
                text15                             28AC     28AC        E     1420       0
                text14                             2096     2096       70        4       0
                text13                             2840     2840       14     1420       0
                text12                             22F6     22F6       52        4       0
                text11                             2868     2868       12     1420       0
                text10                             1336     1336      110        4       0
                text9                              2552     2552       3E        4       0
                text8                              1648     1648       F2        4       0
                text7                              2740     2740       2A        4       0
                text6                              1E92     1E92       88        4       0
                text5                              2174     2174       66        4       0
                text4                              1902     1902       DC        4       0
                text3                              27DA     27DA       1C        4       0
                text2                                1C       1C      77A        4       0
                text1                              1C30     1C30       A0        4       0
                text0                              1CD0     1CD0       96        4       0
                cstackCOMRAM                          1        1       43        1       1
                cstackBANK0                          CB       CB        F       80       1
                dataBANK0                            80       80       2A       80       1
                bssBANK0                             AA       AA       21       80       1
                dataCOMRAM                           5D       5D       15        1       1
                bssCOMRAM                            44       44       19        1       1
                cinit                              21DA     21DA       62        4       0
                idataBANK0                         2716     2716       2A        4       0
                idataCOMRAM                        282A     282A       15        4       0

TOTAL           Name                               Link     Load   Length     Space
        CLASS   STACK          

        CLASS   CODE           
                end_init                             18       18        4         0
                intcode                               8        8       10         0
                reset_vec                             0        0        4         0
                text61                             28C2     28C2        8         0
                intcode_body                       2024     2024       72         0
                text59                             287A     287A       12         0
                text58                             28BA     28BA        8         0
                text57                             276A     276A       28         0
                text56                             2854     2854       14         0
                text55                             289C     289C       10         0
                text54                             288C     288C       10         0
                text53                             239A     239A       4E         0
                text52                             26E6     26E6       30         0
                text51                             1F1A     1F1A       88         0
                text50                             23E8     23E8       4A         0
                text49                             10A8     10A8      156         0
                text48                             2590     2590       3E         0
                text47                             1446     1446      10A         0
                text46                             26B4     26B4       32         0
                text45                             2644     2644       3A         0
                text44                             260A     260A       3A         0
                text43                             2810     2810       1A         0
                text42                             1AAA     1AAA       C6         0
                text41                             25CE     25CE       3C         0
                text40                             1820     1820       E2         0
                text39                             2792     2792       26         0
                text38                             2106     2106       6E         0
                text37                             1FA2     1FA2       82         0
                text36                             1DFC     1DFC       96         0
                text35                             1550     1550       F8         0
                text34                             173A     173A       E6         0
                text33                              AF8      AF8      278         0
                text32                             27B8     27B8       22         0
                text31                             1D66     1D66       96         0
                text30                             19DE     19DE       CC         0
                text29                             229C     229C       5A         0
                text28                              D70      D70      1AE         0
                text27                             11FE     11FE      138         0
                text26                             2348     2348       52         0
                text25                              796      796      362         0
                text24                             250A     250A       48         0
                text23                             24C2     24C2       48         0
                text22                             247A     247A       48         0
                text21                             2432     2432       48         0
                text20                             27F6     27F6       1A         0
                text19                              F1E      F1E      18A         0
                text18                             267E     267E       36         0
                text17                             1B70     1B70       C0         0
                text16                             223C     223C       60         0
                text15                             28AC     28AC        E         0
                text14                             2096     2096       70         0
                text13                             2840     2840       14         0
                text12                             22F6     22F6       52         0
                text11                             2868     2868       12         0
                text10                             1336     1336      110         0
                text9                              2552     2552       3E         0
                text8                              1648     1648       F2         0
                text7                              2740     2740       2A         0
                text6                              1E92     1E92       88         0
                text5                              2174     2174       66         0
                text4                              1902     1902       DC         0
                text3                              27DA     27DA       1C         0
                text2                                1C       1C      77A         0
                text1                              1C30     1C30       A0         0
                text0                              1CD0     1CD0       96         0
                cinit                              21DA     21DA       62         0
                idataBANK0                         2716     2716       2A         0
                idataCOMRAM                        282A     282A       15         0

        CLASS   CONST          

        CLASS   SMALLCONST     

        CLASS   MEDIUMCONST    
                mediumconst                        FDCE     FDCE      232         0

        CLASS   COMRAM         
                cstackCOMRAM                          1        1       43         1
                dataCOMRAM                           5D       5D       15         1
                bssCOMRAM                            44       44       19         1

        CLASS   ABS1           

        CLASS   BIGRAM         

        CLASS   RAM            

        CLASS   BANK0          
                cstackBANK0                          CB       CB        F         1
                dataBANK0                            80       80       2A         1
                bssBANK0                             AA       AA       21         1

        CLASS   BANK1          

        CLASS   BANK2          

        CLASS   BANK3          

        CLASS   BANK4          

        CLASS   BANK5          

        CLASS   BANK6          

        CLASS   BANK7          

        CLASS   BANK8          

        CLASS   BANK9          

        CLASS   BANK10         

        CLASS   BANK11         

        CLASS   BANK12         

        CLASS   BANK13         

        CLASS   BANK14         

        CLASS   BANK15         

        CLASS   SFR            

        CLASS   FARRAM         

        CLASS   CONFIG         
                config                           300000   300000        E         0

        CLASS   IDLOC          
                idloc                            200000   200000        8         0

        CLASS   EEDATA         



SEGMENTS        Name                           Load    Length   Top    Selector   Space  Class

                reset_vec                      000000  000004  000004         0       0  CODE    
                cstackCOMRAM                   000001  000071  000072         1       1  COMRAM  
                intcode                        000008  002837  00283F         4       0  CODE    
                dataBANK0                      000080  00005A  0000DA        80       1  BANK0   
                text13                         002840  00008A  0028CA      1420       0  CODE    
                mediumconst                    00FDCE  000232  010000      7EE7       0  MEDIUMCO
                idloc                          200000  000008  200008    200000       0  IDLOC   
                config                         300000  00000E  30000E    300000       0  CONFIG  


UNUSED ADDRESS RANGES

        Name                Unused          Largest block    Delta
        BANK0            0000DA-0000FF               26
        BANK1            000100-0001FF              100
        BANK10           000A00-000AFF              100
        BANK11           000B00-000BFF              100
        BANK12           000C00-000CFF              100
        BANK13           000D00-000DFF              100
        BANK14           000E00-000EFF              100
        BANK15           000F00-000F7F               80
        BANK2            000200-0002FF              100
        BANK3            000300-0003FF              100
        BANK4            000400-0004FF              100
        BANK5            000500-0005FF              100
        BANK6            000600-0006FF              100
        BANK7            000700-0007FF              100
        BANK8            000800-0008FF              100
        BANK9            000900-0009FF              100
        BIGRAM           000072-00007F                E
                         0000DA-000F7F              EA6
        CODE             000004-000007                4
                         00283F-00283F                1
                         0028CA-00FDCD             D504
        COMRAM           000072-00007F                E
        CONST            000004-000007                4
                         00283F-00283F                1
                         0028CA-00FDCD             D504
        EEDATA           F00000-F003FF              400
        MEDIUMCONST      00283F-00283F                1
                         0028CA-00FDCD             D504
        RAM              0000DA-000F7F              100
        SFR              000F80-000FFF               80
        SMALLCONST       00283F-00283F                1
                         0028CA-00FDCD              100
        STACK            0000DA-000F7F              EA6

                                  Symbol Table

?_Read_Volt                         cstackCOMRAM 00002A
?___awdiv                           cstackCOMRAM 00000F
?___awmod                           cstackCOMRAM 000035
?___awtoft                          cstackCOMRAM 000017
?___ftdiv                           cstackCOMRAM 00001B
?___ftmul                           cstackCOMRAM 000017
?___ftpack                          cstackCOMRAM 00000F
?___fttol                           cstackCOMRAM 000026
?___wmul                            cstackCOMRAM 00000F
?_get_full_ADC                      cstackCOMRAM 00000F
?_strlen                            cstackCOMRAM 00000F
OpenUSART@config                    cstackCOMRAM 000011
OpenUSART@spbrg                     cstackCOMRAM 00000F
PED_Control@Num_Sec                 cstackCOMRAM 000043
PED_Control@direction               cstackBANK0  0000D7
PED_Control@i                       cstackBANK0  0000D8
Read_Volt@ADC_Channel               cstackCOMRAM 000030
Read_Volt@nStep                     cstackCOMRAM 000031
Read_Volt@volt                      cstackCOMRAM 00002D
Set_EW@color                        cstackBANK0  0000CB
Set_EW_LT@color                     cstackBANK0  0000CB
Set_NS@color                        cstackBANK0  0000CB
Set_NS_LT@color                     cstackBANK0  0000CB
Wait_N_Seconds@I                    cstackBANK0  0000D8
Wait_N_Seconds@seconds              cstackBANK0  0000D7
_ADCON0                             (abs)        000FC2
_ADCON0bits                         (abs)        000FC2
_ADCON1                             (abs)        000FC1
_ADCON2                             (abs)        000FC0
_ADRESH                             (abs)        000FC4
_ADRESL                             (abs)        000FC3
_Act_Mode_Txt                       dataCOMRAM   000064
_Activate_Buzzer                    text59       00287A
_CCP2CON                            (abs)        000FBA
_CCPR2L                             (abs)        000FBB
_Count                              bssCOMRAM    000049
_Day_Mode                           text17       001B70
_Deactivate_Buzzer                  text58       0028BA
_Do_Flashing                        text16       00223C
_Draw_Star                          text45       002644
_EWLT_Count                         dataBANK0    00009B
_EW_Count                           dataCOMRAM   00005E
_EW_PED_SW                          bssCOMRAM    00004A
_Erase_Star                         text44       00260A
_FlashingR_Txt                      dataCOMRAM   000066
_FlashingS_Txt                      dataCOMRAM   000068
_Flashing_Request                   bssCOMRAM    00004B
_Flashing_Status                    bssCOMRAM    00004C
_INT0_Flag                          bssCOMRAM    00004D
_INT0_ISR                           text61       0028C2
_INT1_Flag                          bssCOMRAM    00004E
_INT2_Flag                          bssCOMRAM    00004F
_INTCONbits                         (abs)        000FF2
_Init_ADC                           text15       0028AC
_Init_UART                          text13       002840
_Initialize_LCD_Screen              text2        00001C
_LCD_Reset                          text11       002868
_Light_Sensor                       bssCOMRAM    000050
_Light_Sensor_Mode_Txt              dataCOMRAM   000061
_Light_Sensor_Voltage_Txt           dataBANK0    000096
_MODE                               bssCOMRAM    000051
_NSLT_Count                         dataBANK0    00009E
_NS_Count                           dataBANK0    0000A1
_NS_PED_SW                          bssCOMRAM    000052
_Night_Mode                         text1        001C30
_OSCCON                             (abs)        000FD3
_OpenUSART                          text14       002096
_PED_Control                        text29       00229C
_PED_Count                          bssCOMRAM    000053
_PED_EW_Count                       dataBANK0    0000A4
_PED_NS_Count                       dataBANK0    0000A7
_PIE1bits                           (abs)        000F9D
_PIR1bits                           (abs)        000F9E
_PIR2bits                           (abs)        000FA1
_PORTAbits                          (abs)        000F80
_PORTBbits                          (abs)        000F81
_PORTCbits                          (abs)        000F82
_PORTD                              (abs)        000F83
_PORTDbits                          (abs)        000F83
_PORTEbits                          (abs)        000F84
_PR2                                (abs)        000FCB
_RCSTA                              (abs)        000FAB
_RCSTAbits                          (abs)        000FAB
_Rcmd1                              text10       001336
_Rcmd2red                           text9        002552
_Rcmd3                              text8        001648
_Read_Volt                          text38       002106
_SPBRG                              (abs)        000FAF
_SPBRGH                             (abs)        000FB0
_SSPBUF                             (abs)        000FC9
_SSPCON1                            (abs)        000FC6
_SSPSTAT                            (abs)        000FC7
_SSPSTATbits                        (abs)        000FC7
_SW_EWLT                            bssCOMRAM    000054
_SW_EWLT_Txt                        dataCOMRAM   00006A
_SW_EWPED                           bssCOMRAM    000055
_SW_EWPED_Txt                       dataCOMRAM   00006C
_SW_NSLT                            bssCOMRAM    000056
_SW_NSLT_Txt                        dataCOMRAM   00006E
_SW_NSPED                           bssCOMRAM    000057
_SW_NSPED_Txt                       dataCOMRAM   000070
_Set_EW                             text24       00250A
_Set_EW_LT                          text23       0024C2
_Set_NS                             text22       00247A
_Set_NS_LT                          text21       002432
_T0CON                              (abs)        000FD5
_T0CONbits                          (abs)        000FD5
_T2CON                              (abs)        000FCA
_T3CON                              (abs)        000FB1
_T3CONbits                          (abs)        000FB1
_TFT_GreenTab_Initialize            text7        002740
_TMR0H                              (abs)        000FD7
_TMR0L                              (abs)        000FD6
_TMR3H                              (abs)        000FB3
_TMR3L                              (abs)        000FB2
_TRISA                              (abs)        000F92
_TRISB                              (abs)        000F93
_TRISC                              (abs)        000F94
_TRISCbits                          (abs)        000F94
_TRISD                              (abs)        000F95
_TRISE                              (abs)        000F96
_TRMT                               (abs)        007D61
_TXREG                              (abs)        000FAD
_TXSTA                              (abs)        000FAC
_TXSTAbits                          (abs)        000FAC
_Timing_Txt                         dataBANK0    000080
_Wait_Half_Second                   text43       002810
_Wait_N_Seconds                     text18       00267E
_Wait_One_Second                    text20       0027F6
_Wait_One_Second_With_Beep          text32       0027B8
__CFG_BOREN$OFF                     (abs)        000000
__CFG_LVP$OFF                       (abs)        000000
__CFG_OSC$INTIO67                   (abs)        000000
__CFG_WDT$OFF                       (abs)        000000
__HRAM                              (abs)        000000
__Habs1                             abs1         000000
__Hbank0                            bank0        000000
__Hbank1                            bank1        000000
__Hbank10                           bank10       000000
__Hbank11                           bank11       000000
__Hbank12                           bank12       000000
__Hbank13                           bank13       000000
__Hbank14                           bank14       000000
__Hbank15                           bank15       000000
__Hbank2                            bank2        000000
__Hbank3                            bank3        000000
__Hbank4                            bank4        000000
__Hbank5                            bank5        000000
__Hbank6                            bank6        000000
__Hbank7                            bank7        000000
__Hbank8                            bank8        000000
__Hbank9                            bank9        000000
__Hbigbss                           bigbss       000000
__Hbigdata                          bigdata      000000
__Hbigram                           bigram       000000
__Hbss                              bss          000000
__HbssBANK0                         bssBANK0     000000
__HbssCOMRAM                        bssCOMRAM    000000
__Hcinit                            cinit        000000
__Hclrtext                          clrtext      000000
__Hcomram                           comram       000000
__Hconfig                           config       30000E
__Hconst                            const        000000
__HcstackBANK0                      cstackBANK0  000000
__HcstackCOMRAM                     cstackCOMRAM 000000
__Hdata                             data         000000
__HdataBANK0                        dataBANK0    000000
__HdataCOMRAM                       dataCOMRAM   000000
__Heeprom_data                      eeprom_data  000000
__Hend_init                         end_init     00001C
__Hfarbss                           farbss       000000
__Hfardata                          fardata      000000
__Hibigdata                         ibigdata     000000
__Hidata                            idata        000000
__HidataBANK0                       idataBANK0   000000
__HidataCOMRAM                      idataCOMRAM  000000
__Hidloc                            idloc        200008
__Hifardata                         ifardata     000000
__Hinit                             init         000018
__Hintcode                          intcode      000018
__Hintcode_body                     intcode_body 000000
__Hintcodelo                        intcodelo    000018
__Hintentry                         intentry     000000
__Hintret                           intret       000000
__Hintsave_regs                     intsave_regs 000000
__Hirdata                           irdata       000000
__Hmediumconst                      mediumconst  010000
__HnvFARRAM                         nvFARRAM     000000
__Hnvbit                            nvbit        000000
__Hnvrram                           nvrram       000000
__Hparam                            rparam       000000
__Hpowerup                          powerup      000018
__Hram                              ram          000000
__Hramtop                           ramtop       001000
__Hrbit                             rbit         000000
__Hrbss                             rbss         000000
__Hrdata                            rdata        000000
__Hreset_vec                        reset_vec    000004
__Hrparam                           rparam       000000
__Hsfr                              sfr          000000
__Hsmallconst                       smallconst   000000
__Hspace_0                          (abs)        30000E
__Hspace_1                          (abs)        0000DA
__Hspace_2                          (abs)        000000
__Hstack                            stack        000000
__Hstruct                           struct       000000
__Htemp                             temp         000000
__Htext                             text         000000
__Htext0                            text0        000000
__Htext1                            text1        000000
__Htext10                           text10       000000
__Htext11                           text11       000000
__Htext12                           text12       000000
__Htext13                           text13       000000
__Htext14                           text14       000000
__Htext15                           text15       000000
__Htext16                           text16       000000
__Htext17                           text17       000000
__Htext18                           text18       000000
__Htext19                           text19       000000
__Htext2                            text2        000000
__Htext20                           text20       000000
__Htext21                           text21       000000
__Htext22                           text22       000000
__Htext23                           text23       000000
__Htext24                           text24       000000
__Htext25                           text25       000000
__Htext26                           text26       000000
__Htext27                           text27       000000
__Htext28                           text28       000000
__Htext29                           text29       000000
__Htext3                            text3        000000
__Htext30                           text30       000000
__Htext31                           text31       000000
__Htext32                           text32       000000
__Htext33                           text33       000000
__Htext34                           text34       000000
__Htext35                           text35       000000
__Htext36                           text36       000000
__Htext37                           text37       000000
__Htext38                           text38       000000
__Htext39                           text39       000000
__Htext4                            text4        000000
__Htext40                           text40       000000
__Htext41                           text41       000000
__Htext42                           text42       000000
__Htext43                           text43       000000
__Htext44                           text44       000000
__Htext45                           text45       000000
__Htext46                           text46       000000
__Htext47                           text47       000000
__Htext48                           text48       000000
__Htext49                           text49       000000
__Htext5                            text5        000000
__Htext50                           text50       000000
__Htext51                           text51       000000
__Htext52                           text52       000000
__Htext53                           text53       000000
__Htext54                           text54       000000
__Htext55                           text55       000000
__Htext56                           text56       000000
__Htext57                           text57       000000
__Htext58                           text58       000000
__Htext59                           text59       000000
__Htext6                            text6        000000
__Htext61                           text61       000000
__Htext7                            text7        000000
__Htext8                            text8        000000
__Htext9                            text9        000000
__LRAM                              (abs)        000001
__Labs1                             abs1         000000
__Lbank0                            bank0        000000
__Lbank1                            bank1        000000
__Lbank10                           bank10       000000
__Lbank11                           bank11       000000
__Lbank12                           bank12       000000
__Lbank13                           bank13       000000
__Lbank14                           bank14       000000
__Lbank15                           bank15       000000
__Lbank2                            bank2        000000
__Lbank3                            bank3        000000
__Lbank4                            bank4        000000
__Lbank5                            bank5        000000
__Lbank6                            bank6        000000
__Lbank7                            bank7        000000
__Lbank8                            bank8        000000
__Lbank9                            bank9        000000
__Lbigbss                           bigbss       000000
__Lbigdata                          bigdata      000000
__Lbigram                           bigram       000000
__Lbss                              bss          000000
__LbssBANK0                         bssBANK0     000000
__LbssCOMRAM                        bssCOMRAM    000000
__Lcinit                            cinit        000000
__Lclrtext                          clrtext      000000
__Lcomram                           comram       000000
__Lconfig                           config       300000
__Lconst                            const        000000
__LcstackBANK0                      cstackBANK0  000000
__LcstackCOMRAM                     cstackCOMRAM 000000
__Ldata                             data         000000
__LdataBANK0                        dataBANK0    000000
__LdataCOMRAM                       dataCOMRAM   000000
__Leeprom_data                      eeprom_data  000000
__Lend_init                         end_init     000018
__Lfarbss                           farbss       000000
__Lfardata                          fardata      000000
__Libigdata                         ibigdata     000000
__Lidata                            idata        000000
__LidataBANK0                       idataBANK0   000000
__LidataCOMRAM                      idataCOMRAM  000000
__Lidloc                            idloc        200000
__Lifardata                         ifardata     000000
__Linit                             init         000018
__Lintcode                          intcode      000008
__Lintcode_body                     intcode_body 000000
__Lintcodelo                        intcodelo    000018
__Lintentry                         intentry     000000
__Lintret                           intret       000000
__Lintsave_regs                     intsave_regs 000000
__Lirdata                           irdata       000000
__Lmediumconst                      mediumconst  00FDCE
__LnvFARRAM                         nvFARRAM     000000
__Lnvbit                            nvbit        000000
__Lnvrram                           nvrram       000000
__Lparam                            rparam       000000
__Lpowerup                          powerup      000018
__Lram                              ram          000000
__Lramtop                           ramtop       001000
__Lrbit                             rbit         000000
__Lrbss                             rbss         000000
__Lrdata                            rdata        000000
__Lreset_vec                        reset_vec    000000
__Lrparam                           rparam       000000
__Lsfr                              sfr          000000
__Lsmallconst                       smallconst   000000
__Lspace_0                          (abs)        000000
__Lspace_1                          (abs)        000000
__Lspace_2                          (abs)        000000
__Lstack                            stack        000000
__Lstruct                           struct       000000
__Ltemp                             temp         000000
__Ltext                             text         000000
__Ltext0                            text0        000000
__Ltext1                            text1        000000
__Ltext10                           text10       000000
__Ltext11                           text11       000000
__Ltext12                           text12       000000
__Ltext13                           text13       000000
__Ltext14                           text14       000000
__Ltext15                           text15       000000
__Ltext16                           text16       000000
__Ltext17                           text17       000000
__Ltext18                           text18       000000
__Ltext19                           text19       000000
__Ltext2                            text2        000000
__Ltext20                           text20       000000
__Ltext21                           text21       000000
__Ltext22                           text22       000000
__Ltext23                           text23       000000
__Ltext24                           text24       000000
__Ltext25                           text25       000000
__Ltext26                           text26       000000
__Ltext27                           text27       000000
__Ltext28                           text28       000000
__Ltext29                           text29       000000
__Ltext3                            text3        000000
__Ltext30                           text30       000000
__Ltext31                           text31       000000
__Ltext32                           text32       000000
__Ltext33                           text33       000000
__Ltext34                           text34       000000
__Ltext35                           text35       000000
__Ltext36                           text36       000000
__Ltext37                           text37       000000
__Ltext38                           text38       000000
__Ltext39                           text39       000000
__Ltext4                            text4        000000
__Ltext40                           text40       000000
__Ltext41                           text41       000000
__Ltext42                           text42       000000
__Ltext43                           text43       000000
__Ltext44                           text44       000000
__Ltext45                           text45       000000
__Ltext46                           text46       000000
__Ltext47                           text47       000000
__Ltext48                           text48       000000
__Ltext49                           text49       000000
__Ltext5                            text5        000000
__Ltext50                           text50       000000
__Ltext51                           text51       000000
__Ltext52                           text52       000000
__Ltext53                           text53       000000
__Ltext54                           text54       000000
__Ltext55                           text55       000000
__Ltext56                           text56       000000
__Ltext57                           text57       000000
__Ltext58                           text58       000000
__Ltext59                           text59       000000
__Ltext6                            text6        000000
__Ltext61                           text61       000000
__Ltext7                            text7        000000
__Ltext8                            text8        000000
__Ltext9                            text9        000000
__S0                                (abs)        30000E
__S1                                (abs)        0000DA
__S2                                (abs)        000000
___awdiv                            text31       001D66
___awdiv@counter                    cstackCOMRAM 000013
___awdiv@dividend                   cstackCOMRAM 00000F
___awdiv@divisor                    cstackCOMRAM 000011
___awdiv@quotient                   cstackCOMRAM 000015
___awdiv@sign                       cstackCOMRAM 000014
___awmod                            text37       001FA2
___awmod@counter                    cstackCOMRAM 000039
___awmod@dividend                   cstackCOMRAM 000035
___awmod@divisor                    cstackCOMRAM 000037
___awmod@sign                       cstackCOMRAM 00003A
___awtoft                           text41       0025CE
___awtoft@c                         cstackCOMRAM 000017
___awtoft@sign                      cstackCOMRAM 00001A
___ftdiv                            text40       001820
___ftdiv@cntr                       cstackCOMRAM 000024
___ftdiv@exp                        cstackCOMRAM 000028
___ftdiv@f1                         cstackCOMRAM 00001B
___ftdiv@f2                         cstackCOMRAM 00001E
___ftdiv@f3                         cstackCOMRAM 000025
___ftdiv@sign                       cstackCOMRAM 000029
___ftge                             text36       001DFC
___ftge@ff1                         cstackCOMRAM 00000F
___ftge@ff2                         cstackCOMRAM 000012
___ftmul                            text35       001550
___ftmul@cntr                       cstackCOMRAM 000024
___ftmul@exp                        cstackCOMRAM 000020
___ftmul@f1                         cstackCOMRAM 000017
___ftmul@f2                         cstackCOMRAM 00001A
___ftmul@f3_as_product              cstackCOMRAM 000021
___ftmul@sign                       cstackCOMRAM 000025
___ftpack                           text42       001AAA
___ftpack@arg                       cstackCOMRAM 00000F
___ftpack@exp                       cstackCOMRAM 000012
___ftpack@sign                      cstackCOMRAM 000013
___fttol                            text34       00173A
___fttol@exp1                       cstackCOMRAM 000034
___fttol@f1                         cstackCOMRAM 000026
___fttol@lval                       cstackCOMRAM 000030
___fttol@sign1                      cstackCOMRAM 00002F
___inthi_sp                         stack        000000
___intlo_sp                         stack        000000
___param_bank                       (abs)        000010
___rparam_used                      (abs)        000001
___sp                               stack        000000
___wmul                             text57       00276A
___wmul@multiplicand                cstackCOMRAM 000011
___wmul@multiplier                  cstackCOMRAM 00000F
___wmul@product                     cstackCOMRAM 000013
__accesstop                         (abs)        000080
__activetblptr                      (abs)        000002
__end_of_Activate_Buzzer            text59       00288C
__end_of_Day_Mode                   text17       001C30
__end_of_Deactivate_Buzzer          text58       0028C2
__end_of_Do_Flashing                text16       00229C
__end_of_Draw_Star                  text45       00267E
__end_of_Erase_Star                 text44       002644
__end_of_INT0_ISR                   text61       0028CA
__end_of_Init_ADC                   text15       0028BA
__end_of_Init_UART                  text13       002854
__end_of_Initialize_LCD_Screen      text2        000796
__end_of_LCD_Reset                  text11       00287A
__end_of_Night_Mode                 text1        001CD0
__end_of_OpenUSART                  text14       002106
__end_of_PED_Control                text29       0022F6
__end_of_Rcmd1                      text10       001446
__end_of_Rcmd2red                   text9        002590
__end_of_Rcmd3                      text8        00173A
__end_of_Read_Volt                  text38       002174
__end_of_Set_EW                     text24       002552
__end_of_Set_EW_LT                  text23       00250A
__end_of_Set_NS                     text22       0024C2
__end_of_Set_NS_LT                  text21       00247A
__end_of_TFT_GreenTab_Initialize    text7        00276A
__end_of_Wait_Half_Second           text43       00282A
__end_of_Wait_N_Seconds             text18       0026B4
__end_of_Wait_One_Second            text20       002810
__end_of_Wait_One_Second_With_Beep  text32       0027DA
__end_of___awdiv                    text31       001DFC
__end_of___awmod                    text37       002024
__end_of___awtoft                   text41       00260A
__end_of___ftdiv                    text40       001902
__end_of___ftge                     text36       001E92
__end_of___ftmul                    text35       001648
__end_of___ftpack                   text42       001B70
__end_of___fttol                    text34       001820
__end_of___wmul                     text57       002792
__end_of__initialization            cinit        002232
__end_of_chkisr                     intcode_body 002096
__end_of_delay_ms                   text12       002348
__end_of_drawChar                   text49       0011FE
__end_of_drawCircle                 text28       000F1E
__end_of_drawFastHLine              text6        001F1A
__end_of_drawFastVLine              text51       001FA2
__end_of_drawPixel                  text52       002716
__end_of_drawRect                   text5        0021DA
__end_of_drawtext                   text47       001550
__end_of_fillCircle                 text26       00239A
__end_of_fillCircleHelper           text27       001336
__end_of_fillRect                   text50       002432
__end_of_fillRectangle              text4        0019DE
__end_of_fillScreen                 text3        0027F6
__end_of_font                       mediumconst  00FECE
__end_of_font2                      mediumconst  00FFAA
__end_of_get_full_ADC               text39       0027B8
__end_of_main                       text0        001D66
__end_of_setAddrWindow              text53       0023E8
__end_of_spiwrite                   text56       002868
__end_of_strcpy                     text46       0026E6
__end_of_strlen                     text48       0025CE
__end_of_update_LCD_PED_Count       text30       001AAA
__end_of_update_LCD_color           text25       000AF8
__end_of_update_LCD_count           text19       0010A8
__end_of_update_LCD_misc            text33       000D70
__end_of_write_command              text55       0028AC
__end_of_write_data                 text54       00289C
__initialization                    cinit        0021DA
__mediumconst                       mediumconst  00FDCE
__pbssBANK0                         bssBANK0     0000AA
__pbssCOMRAM                        bssCOMRAM    000044
__pcinit                            cinit        0021DA
__pcstackBANK0                      cstackBANK0  0000CB
__pcstackCOMRAM                     cstackCOMRAM 000001
__pdataBANK0                        dataBANK0    000080
__pdataCOMRAM                       dataCOMRAM   00005D
__pidataBANK0                       idataBANK0   002716
__pidataCOMRAM                      idataCOMRAM  00282A
__pintcode                          intcode      000008
__pintcode_body                     intcode_body 002024
__pmediumconst                      mediumconst  00FDCE
__ptext0                            text0        001CD0
__ptext1                            text1        001C30
__ptext10                           text10       001336
__ptext11                           text11       002868
__ptext12                           text12       0022F6
__ptext13                           text13       002840
__ptext14                           text14       002096
__ptext15                           text15       0028AC
__ptext16                           text16       00223C
__ptext17                           text17       001B70
__ptext18                           text18       00267E
__ptext19                           text19       000F1E
__ptext2                            text2        00001C
__ptext20                           text20       0027F6
__ptext21                           text21       002432
__ptext22                           text22       00247A
__ptext23                           text23       0024C2
__ptext24                           text24       00250A
__ptext25                           text25       000796
__ptext26                           text26       002348
__ptext27                           text27       0011FE
__ptext28                           text28       000D70
__ptext29                           text29       00229C
__ptext3                            text3        0027DA
__ptext30                           text30       0019DE
__ptext31                           text31       001D66
__ptext32                           text32       0027B8
__ptext33                           text33       000AF8
__ptext34                           text34       00173A
__ptext35                           text35       001550
__ptext36                           text36       001DFC
__ptext37                           text37       001FA2
__ptext38                           text38       002106
__ptext39                           text39       002792
__ptext4                            text4        001902
__ptext40                           text40       001820
__ptext41                           text41       0025CE
__ptext42                           text42       001AAA
__ptext43                           text43       002810
__ptext44                           text44       00260A
__ptext45                           text45       002644
__ptext46                           text46       0026B4
__ptext47                           text47       001446
__ptext48                           text48       002590
__ptext49                           text49       0010A8
__ptext5                            text5        002174
__ptext50                           text50       0023E8
__ptext51                           text51       001F1A
__ptext52                           text52       0026E6
__ptext53                           text53       00239A
__ptext54                           text54       00288C
__ptext55                           text55       00289C
__ptext56                           text56       002854
__ptext57                           text57       00276A
__ptext58                           text58       0028BA
__ptext59                           text59       00287A
__ptext6                            text6        001E92
__ptext61                           text61       0028C2
__ptext7                            text7        002740
__ptext8                            text8        001648
__ptext9                            text9        002552
__ramtop                            ramtop       001000
__size_of_Activate_Buzzer           (abs)        000000
__size_of_Day_Mode                  (abs)        000000
__size_of_Deactivate_Buzzer         (abs)        000000
__size_of_Do_Flashing               (abs)        000000
__size_of_Draw_Star                 (abs)        000000
__size_of_Erase_Star                (abs)        000000
__size_of_INT0_ISR                  (abs)        000000
__size_of_Init_ADC                  (abs)        000000
__size_of_Init_UART                 (abs)        000000
__size_of_Initialize_LCD_Screen     (abs)        000000
__size_of_LCD_Reset                 (abs)        000000
__size_of_Night_Mode                (abs)        000000
__size_of_OpenUSART                 (abs)        000000
__size_of_PED_Control               (abs)        000000
__size_of_Rcmd1                     (abs)        000000
__size_of_Rcmd2red                  (abs)        000000
__size_of_Rcmd3                     (abs)        000000
__size_of_Read_Volt                 (abs)        000000
__size_of_Set_EW                    (abs)        000000
__size_of_Set_EW_LT                 (abs)        000000
__size_of_Set_NS                    (abs)        000000
__size_of_Set_NS_LT                 (abs)        000000
__size_of_TFT_GreenTab_Initialize   (abs)        000000
__size_of_Wait_Half_Second          (abs)        000000
__size_of_Wait_N_Seconds            (abs)        000000
__size_of_Wait_One_Second           (abs)        000000
__size_of_Wait_One_Second_With_Beep (abs)        000000
__size_of___awdiv                   (abs)        000000
__size_of___awmod                   (abs)        000000
__size_of___awtoft                  (abs)        000000
__size_of___ftdiv                   (abs)        000000
__size_of___ftge                    (abs)        000000
__size_of___ftmul                   (abs)        000000
__size_of___ftpack                  (abs)        000000
__size_of___fttol                   (abs)        000000
__size_of___wmul                    (abs)        000000
__size_of_chkisr                    (abs)        000000
__size_of_delay_ms                  (abs)        000000
__size_of_drawChar                  (abs)        000000
__size_of_drawCircle                (abs)        000000
__size_of_drawFastHLine             (abs)        000000
__size_of_drawFastVLine             (abs)        000000
__size_of_drawPixel                 (abs)        000000
__size_of_drawRect                  (abs)        000000
__size_of_drawtext                  (abs)        000000
__size_of_fillCircle                (abs)        000000
__size_of_fillCircleHelper          (abs)        000000
__size_of_fillRect                  (abs)        000000
__size_of_fillRectangle             (abs)        000000
__size_of_fillScreen                (abs)        000000
__size_of_get_full_ADC              (abs)        000000
__size_of_main                      (abs)        000000
__size_of_setAddrWindow             (abs)        000000
__size_of_spiwrite                  (abs)        000000
__size_of_strcpy                    (abs)        000000
__size_of_strlen                    (abs)        000000
__size_of_update_LCD_PED_Count      (abs)        000000
__size_of_update_LCD_color          (abs)        000000
__size_of_update_LCD_count          (abs)        000000
__size_of_update_LCD_misc           (abs)        000000
__size_of_write_command             (abs)        000000
__size_of_write_data                (abs)        000000
__smallconst                        smallconst   000000
__tft_type                          bssCOMRAM    000058
_buffer                             bssBANK0     0000AC
_chkisr                             intcode      000008
_colstart                           bssCOMRAM    000059
_delay_ms                           text12       0022F6
_dir                                bssCOMRAM    00005A
_direction                          bssCOMRAM    00005B
_drawChar                           text49       0010A8
_drawCircle                         text28       000D70
_drawFastHLine                      text6        001E92
_drawFastVLine                      text51       001F1A
_drawPixel                          text52       0026E6
_drawRect                           text5        002174
_drawtext                           text47       001446
_fillCircle                         text26       002348
_fillCircleHelper                   text27       0011FE
_fillRect                           text50       0023E8
_fillRectangle                      text4        001902
_fillScreen                         text3        0027DA
_font                               mediumconst  00FDCF
_font2                              mediumconst  00FECE
_get_full_ADC                       text39       002792
_main                               text0        001CD0
_nbr                                bssBANK0     0000AA
_rowstart                           bssCOMRAM    00005C
_setAddrWindow                      text53       00239A
_spiwrite                           text56       002854
_strcpy                             text46       0026B4
_strlen                             text48       002590
_txt                                bssCOMRAM    000047
_update_LCD_PED_Count               text30       0019DE
_update_LCD_color                   text25       000796
_update_LCD_count                   text19       000F1E
_update_LCD_misc                    text33       000AF8
_volt                               bssCOMRAM    000044
_wrap                               dataCOMRAM   00005D
_write_command                      text55       00289C
_write_data                         text54       00288C
delay_ms@count                      cstackCOMRAM 000019
delay_ms@ms                         cstackCOMRAM 000015
drawChar@bg                         cstackCOMRAM 000030
drawChar@c                          cstackCOMRAM 00002D
drawChar@color                      cstackCOMRAM 00002E
drawChar@i                          cstackCOMRAM 000036
drawChar@j                          cstackCOMRAM 000035
drawChar@line                       cstackCOMRAM 000033
drawChar@size                       cstackCOMRAM 000032
drawChar@x                          cstackCOMRAM 000034
drawChar@y                          cstackCOMRAM 00002C
drawCircle@color                    cstackCOMRAM 000020
drawCircle@ddF_x                    cstackCOMRAM 000024
drawCircle@ddF_y                    cstackCOMRAM 000026
drawCircle@f                        cstackCOMRAM 000028
drawCircle@r                        cstackCOMRAM 00001E
drawCircle@x                        cstackCOMRAM 00002A
drawCircle@x0                       cstackCOMRAM 00001A
drawCircle@y                        cstackCOMRAM 00002C
drawCircle@y0                       cstackCOMRAM 00001C
drawFastHLine@color                 cstackCOMRAM 000018
drawFastHLine@hi                    cstackCOMRAM 00001E
drawFastHLine@lo                    cstackCOMRAM 00001F
drawFastHLine@w                     cstackCOMRAM 000017
drawFastHLine@x                     cstackCOMRAM 000020
drawFastHLine@y                     cstackCOMRAM 000016
drawFastVLine@color                 cstackCOMRAM 000018
drawFastVLine@h                     cstackCOMRAM 000017
drawFastVLine@hi                    cstackCOMRAM 00001E
drawFastVLine@lo                    cstackCOMRAM 00001F
drawFastVLine@x                     cstackCOMRAM 000020
drawFastVLine@y                     cstackCOMRAM 000016
drawPixel@color                     cstackCOMRAM 000017
drawPixel@x                         cstackCOMRAM 000019
drawPixel@y                         cstackCOMRAM 000016
drawRect@color                      cstackCOMRAM 000029
drawRect@h                          cstackCOMRAM 000027
drawRect@w                          cstackCOMRAM 000025
drawRect@x                          cstackCOMRAM 000021
drawRect@y                          cstackCOMRAM 000023
drawtext@_text                      cstackCOMRAM 000038
drawtext@bg                         cstackCOMRAM 00003C
drawtext@color                      cstackCOMRAM 00003A
drawtext@cursor_x                   cstackBANK0  0000D1
drawtext@cursor_y                   cstackBANK0  0000D0
drawtext@i                          cstackBANK0  0000CE
drawtext@size                       cstackCOMRAM 00003E
drawtext@textsize                   cstackBANK0  0000CC
drawtext@x                          cstackBANK0  0000CB
drawtext@y                          cstackCOMRAM 000037
end_of_initialization               cinit        002232
fillCircle@color                    cstackCOMRAM 00003F
fillCircle@r                        cstackCOMRAM 00003D
fillCircle@x0                       cstackCOMRAM 000039
fillCircle@y0                       cstackCOMRAM 00003B
fillCircleHelper@color              cstackCOMRAM 00002B
fillCircleHelper@cornername         cstackCOMRAM 000027
fillCircleHelper@ddF_x              cstackCOMRAM 00002F
fillCircleHelper@ddF_y              cstackCOMRAM 000031
fillCircleHelper@delta              cstackCOMRAM 000029
fillCircleHelper@f                  cstackCOMRAM 000033
fillCircleHelper@r                  cstackCOMRAM 000025
fillCircleHelper@x                  cstackCOMRAM 000035
fillCircleHelper@x0                 cstackCOMRAM 000021
fillCircleHelper@y                  cstackCOMRAM 000037
fillCircleHelper@y0                 cstackCOMRAM 000023
fillRect@color                      cstackCOMRAM 000024
fillRect@h                          cstackCOMRAM 000023
fillRect@i                          cstackCOMRAM 00002A
fillRect@w                          cstackCOMRAM 000022
fillRect@x                          cstackCOMRAM 000029
fillRect@y                          cstackCOMRAM 000021
fillRectangle@color                 cstackCOMRAM 000019
fillRectangle@h                     cstackCOMRAM 000018
fillRectangle@hi                    cstackCOMRAM 00001F
fillRectangle@lo                    cstackCOMRAM 000020
fillRectangle@w                     cstackCOMRAM 000017
fillRectangle@x                     cstackCOMRAM 000021
fillRectangle@y                     cstackCOMRAM 000016
fillScreen@color                    cstackCOMRAM 000022
get_full_ADC@result                 cstackCOMRAM 000013
int_func                            intcode_body 002024
intlevel0                           text         000000
intlevel1                           text         000000
intlevel2                           text         000000
intlevel3                           text         000000
setAddrWindow@x0                    cstackCOMRAM 000015
setAddrWindow@x1                    cstackCOMRAM 000013
setAddrWindow@y0                    cstackCOMRAM 000012
setAddrWindow@y1                    cstackCOMRAM 000014
spiwrite@spidata                    cstackCOMRAM 000010
spiwrite@x                          cstackCOMRAM 00000F
stackhi                             (abs)        000F7F
stacklo                             (abs)        0000DA
start                               init         000018
start_initialization                cinit        0021DA
strcpy@cp                           cstackCOMRAM 000013
strcpy@from                         cstackCOMRAM 000011
strcpy@to                           cstackCOMRAM 00000F
strlen@cp                           cstackCOMRAM 000013
strlen@s                            cstackCOMRAM 00000F
update_LCD_PED_Count@count          cstackCOMRAM 000041
update_LCD_PED_Count@direction      cstackCOMRAM 000042
update_LCD_color@Circle_Y           cstackCOMRAM 000043
update_LCD_color@color              cstackCOMRAM 000041
update_LCD_color@direction          cstackCOMRAM 000042
update_LCD_count@count              cstackCOMRAM 000041
update_LCD_count@direction          cstackCOMRAM 000042
update_LCD_misc@nStep               cstackBANK0  0000D2
update_LCD_misc@volt                cstackBANK0  0000D4
write_command@cmd_                  cstackCOMRAM 000011
write_data@data_                    cstackCOMRAM 000011


FUNCTION INFORMATION:

 *************** function _main *****************
 Defined at:
		line 54 in file "Lab7_S1_sample.c"
 Parameters:    Size  Location     Type
		None
 Auto vars:     Size  Location     Type
		None
 Return value:  Size  Location     Type
		None               void
 Registers used:
		wreg, fsr2l, fsr2h, status,2, status,0, tblptrl, tblptrh, tblptru, prodl, prodh, cstack
 Tracked objects:
		On entry : 
		On exit  : 
		Unchanged: 
 Data sizes:     COMRAM   BANK0   BANK1   BANK2   BANK3   BANK4   BANK5   BANK6   BANK7   BANK8   BANK9  BANK10  BANK11  BANK12  BANK13  BANK14  BANK15
      Params:         0       0       0       0       0       0       0       0       0       0       0       0       0       0       0       0       0
      Locals:         0       0       0       0       0       0       0       0       0       0       0       0       0       0       0       0       0
      Temps:          0       0       0       0       0       0       0       0       0       0       0       0       0       0       0       0       0
      Totals:         0       0       0       0       0       0       0       0       0       0       0       0       0       0       0       0       0
Total ram usage:        0 bytes
 Hardware stack levels required when called:   13
 This function calls:
		_Day_Mode
		_Do_Flashing
		_Init_ADC
		_Init_UART
		_Initialize_LCD_Screen
		_Night_Mode
		_Read_Volt
		___ftge
 This function is called by:
		Startup code after reset
 This function uses a non-reentrant model


 *************** function _Night_Mode *****************
 Defined at:
		line 239 in file "Lab7_S1_sample.c"
 Parameters:    Size  Location     Type
		None
 Auto vars:     Size  Location     Type
		None
 Return value:  Size  Location     Type
		None               void
 Registers used:
		wreg, fsr2l, fsr2h, status,2, status,0, tblptrl, tblptrh, tblptru, prodl, prodh, cstack
 Tracked objects:
		On entry : 
		On exit  : 
		Unchanged: 
 Data sizes:     COMRAM   BANK0   BANK1   BANK2   BANK3   BANK4   BANK5   BANK6   BANK7   BANK8   BANK9  BANK10  BANK11  BANK12  BANK13  BANK14  BANK15
      Params:         0       0       0       0       0       0       0       0       0       0       0       0       0       0       0       0       0
      Locals:         0       0       0       0       0       0       0       0       0       0       0       0       0       0       0       0       0
      Temps:          0       0       0       0       0       0       0       0       0       0       0       0       0       0       0       0       0
      Totals:         0       0       0       0       0       0       0       0       0       0       0       0       0       0       0       0       0
Total ram usage:        0 bytes
 Hardware stack levels used:    1
 Hardware stack levels required when called:   12
 This function calls:
		_Set_EW
		_Set_EW_LT
		_Set_NS
		_Set_NS_LT
		_Wait_N_Seconds
 This function is called by:
		_main
 This function uses a non-reentrant model


 *************** function _Initialize_LCD_Screen *****************
 Defined at:
		line 53 in file "Main_Screen.c"
 Parameters:    Size  Location     Type
		None
 Auto vars:     Size  Location     Type
		None
 Return value:  Size  Location     Type
		None               void
 Registers used:
		wreg, fsr2l, fsr2h, status,2, status,0, tblptrl, tblptrh, tblptru, prodl, prodh, cstack
 Tracked objects:
		On entry : 
		On exit  : 
		Unchanged: 
 Data sizes:     COMRAM   BANK0   BANK1   BANK2   BANK3   BANK4   BANK5   BANK6   BANK7   BANK8   BANK9  BANK10  BANK11  BANK12  BANK13  BANK14  BANK15
      Params:         0       0       0       0       0       0       0       0       0       0       0       0       0       0       0       0       0
      Locals:         0       0       0       0       0       0       0       0       0       0       0       0       0       0       0       0       0
      Temps:          0       0       0       0       0       0       0       0       0       0       0       0       0       0       0       0       0
      Totals:         0       0       0       0       0       0       0       0       0       0       0       0       0       0       0       0       0
Total ram usage:        0 bytes
 Hardware stack levels used:    1
 Hardware stack levels required when called:    9
 This function calls:
		_LCD_Reset
		_TFT_GreenTab_Initialize
		_drawCircle
		_drawRect
		_drawtext
		_fillCircle
		_fillScreen
		_strcpy
 This function is called by:
		_main
 This function uses a non-reentrant model


 *************** function _fillScreen *****************
 Defined at:
		line 570 in file "ST7735_TFT.c"
 Parameters:    Size  Location     Type
  color           2   33[COMRAM] unsigned int 
 Auto vars:     Size  Location     Type
		None
 Return value:  Size  Location     Type
		None               void
 Registers used:
		wreg, status,2, status,0, cstack
 Tracked objects:
		On entry : 
		On exit  : 
		Unchanged: 
 Data sizes:     COMRAM   BANK0   BANK1   BANK2   BANK3   BANK4   BANK5   BANK6   BANK7   BANK8   BANK9  BANK10  BANK11  BANK12  BANK13  BANK14  BANK15
      Params:         2       0       0       0       0       0       0       0       0       0       0       0       0       0       0       0       0
      Locals:         0       0       0       0       0       0       0       0       0       0       0       0       0       0       0       0       0
      Temps:          0       0       0       0       0       0       0       0       0       0       0       0       0       0       0       0       0
      Totals:         2       0       0       0       0       0       0       0       0       0       0       0       0       0       0       0       0
Total ram usage:        2 bytes
 Hardware stack levels used:    1
 Hardware stack levels required when called:    6
 This function calls:
		_fillRectangle
 This function is called by:
		_Initialize_LCD_Screen
 This function uses a non-reentrant model


 *************** function _fillRectangle *****************
 Defined at:
		line 454 in file "ST7735_TFT.c"
 Parameters:    Size  Location     Type
  x               1    wreg     unsigned char 
  y               1   21[COMRAM] unsigned char 
  w               1   22[COMRAM] unsigned char 
  h               1   23[COMRAM] unsigned char 
  color           2   24[COMRAM] unsigned int 
 Auto vars:     Size  Location     Type
  x               1   32[COMRAM] unsigned char 
  lo              1   31[COMRAM] unsigned char 
  hi              1   30[COMRAM] unsigned char 
 Return value:  Size  Location     Type
		None               void
 Registers used:
		wreg, status,2, status,0, cstack
 Tracked objects:
		On entry : 
		On exit  : 
		Unchanged: 
 Data sizes:     COMRAM   BANK0   BANK1   BANK2   BANK3   BANK4   BANK5   BANK6   BANK7   BANK8   BANK9  BANK10  BANK11  BANK12  BANK13  BANK14  BANK15
      Params:         5       0       0       0       0       0       0       0       0       0       0       0       0       0       0       0       0
      Locals:         3       0       0       0       0       0       0       0       0       0       0       0       0       0       0       0       0
      Temps:          4       0       0       0       0       0       0       0       0       0       0       0       0       0       0       0       0
      Totals:        12       0       0       0       0       0       0       0       0       0       0       0       0       0       0       0       0
Total ram usage:       12 bytes
 Hardware stack levels used:    1
 Hardware stack levels required when called:    5
 This function calls:
		_setAddrWindow
		_spiwrite
 This function is called by:
		_fillScreen
 This function uses a non-reentrant model


 *************** function _drawRect *****************
 Defined at:
		line 636 in file "ST7735_TFT.c"
 Parameters:    Size  Location     Type
  x               2   32[COMRAM] unsigned int 
  y               2   34[COMRAM] unsigned int 
  w               2   36[COMRAM] unsigned int 
  h               2   38[COMRAM] unsigned int 
  color           2   40[COMRAM] unsigned int 
 Auto vars:     Size  Location     Type
		None
 Return value:  Size  Location     Type
		None               void
 Registers used:
		wreg, status,2, status,0, cstack
 Tracked objects:
		On entry : 
		On exit  : 
		Unchanged: 
 Data sizes:     COMRAM   BANK0   BANK1   BANK2   BANK3   BANK4   BANK5   BANK6   BANK7   BANK8   BANK9  BANK10  BANK11  BANK12  BANK13  BANK14  BANK15
      Params:        10       0       0       0       0       0       0       0       0       0       0       0       0       0       0       0       0
      Locals:         0       0       0       0       0       0       0       0       0       0       0       0       0       0       0       0       0
      Temps:          1       0       0       0       0       0       0       0       0       0       0       0       0       0       0       0       0
      Totals:        11       0       0       0       0       0       0       0       0       0       0       0       0       0       0       0       0
Total ram usage:       11 bytes
 Hardware stack levels used:    1
 Hardware stack levels required when called:    6
 This function calls:
		_drawFastHLine
		_drawFastVLine
 This function is called by:
		_Initialize_LCD_Screen
 This function uses a non-reentrant model


 *************** function _drawFastHLine *****************
 Defined at:
		line 575 in file "ST7735_TFT.c"
 Parameters:    Size  Location     Type
  x               1    wreg     unsigned char 
  y               1   21[COMRAM] unsigned char 
  w               1   22[COMRAM] unsigned char 
  color           2   23[COMRAM] unsigned int 
 Auto vars:     Size  Location     Type
  x               1   31[COMRAM] unsigned char 
  lo              1   30[COMRAM] unsigned char 
  hi              1   29[COMRAM] unsigned char 
 Return value:  Size  Location     Type
		None               void
 Registers used:
		wreg, status,2, status,0, cstack
 Tracked objects:
		On entry : 
		On exit  : 
		Unchanged: 
 Data sizes:     COMRAM   BANK0   BANK1   BANK2   BANK3   BANK4   BANK5   BANK6   BANK7   BANK8   BANK9  BANK10  BANK11  BANK12  BANK13  BANK14  BANK15
      Params:         4       0       0       0       0       0       0       0       0       0       0       0       0       0       0       0       0
      Locals:         3       0       0       0       0       0       0       0       0       0       0       0       0       0       0       0       0
      Temps:          4       0       0       0       0       0       0       0       0       0       0       0       0       0       0       0       0
      Totals:        11       0       0       0       0       0       0       0       0       0       0       0       0       0       0       0       0
Total ram usage:       11 bytes
 Hardware stack levels used:    1
 Hardware stack levels required when called:    5
 This function calls:
		_setAddrWindow
		_spiwrite
 This function is called by:
		_drawRect
 This function uses a non-reentrant model


 *************** function _TFT_GreenTab_Initialize *****************
 Defined at:
		line 595 in file "ST7735_TFT.c"
 Parameters:    Size  Location     Type
		None
 Auto vars:     Size  Location     Type
		None
 Return value:  Size  Location     Type
		None               void
 Registers used:
		wreg, status,2, status,0, prodl, prodh, cstack
 Tracked objects:
		On entry : 
		On exit  : 
		Unchanged: 
 Data sizes:     COMRAM   BANK0   BANK1   BANK2   BANK3   BANK4   BANK5   BANK6   BANK7   BANK8   BANK9  BANK10  BANK11  BANK12  BANK13  BANK14  BANK15
      Params:         0       0       0       0       0       0       0       0       0       0       0       0       0       0       0       0       0
      Locals:         0       0       0       0       0       0       0       0       0       0       0       0       0       0       0       0       0
      Temps:          0       0       0       0       0       0       0       0       0       0       0       0       0       0       0       0       0
      Totals:         0       0       0       0       0       0       0       0       0       0       0       0       0       0       0       0       0
Total ram usage:        0 bytes
 Hardware stack levels used:    1
 Hardware stack levels required when called:    5
 This function calls:
		_Rcmd1
		_Rcmd2red
		_Rcmd3
		_write_command
		_write_data
 This function is called by:
		_Initialize_LCD_Screen
 This function uses a non-reentrant model


 *************** function _Rcmd3 *****************
 Defined at:
		line 289 in file "ST7735_TFT.c"
 Parameters:    Size  Location     Type
		None
 Auto vars:     Size  Location     Type
		None
 Return value:  Size  Location     Type
		None               void
 Registers used:
		wreg, status,2, status,0, prodl, prodh, cstack
 Tracked objects:
		On entry : 
		On exit  : 
		Unchanged: 
 Data sizes:     COMRAM   BANK0   BANK1   BANK2   BANK3   BANK4   BANK5   BANK6   BANK7   BANK8   BANK9  BANK10  BANK11  BANK12  BANK13  BANK14  BANK15
      Params:         0       0       0       0       0       0       0       0       0       0       0       0       0       0       0       0       0
      Locals:         0       0       0       0       0       0       0       0       0       0       0       0       0       0       0       0       0
      Temps:          0       0       0       0       0       0       0       0       0       0       0       0       0       0       0       0       0
      Totals:         0       0       0       0       0       0       0       0       0       0       0       0       0       0       0       0       0
Total ram usage:        0 bytes
 Hardware stack levels used:    1
 Hardware stack levels required when called:    4
 This function calls:
		_delay_ms
		_write_command
		_write_data
 This function is called by:
		_TFT_GreenTab_Initialize
		_TFT_BlackTab_Initialize
 This function uses a non-reentrant model


 *************** function _Rcmd2red *****************
 Defined at:
		line 275 in file "ST7735_TFT.c"
 Parameters:    Size  Location     Type
		None
 Auto vars:     Size  Location     Type
		None
 Return value:  Size  Location     Type
		None               void
 Registers used:
		wreg, status,2, cstack
 Tracked objects:
		On entry : 
		On exit  : 
		Unchanged: 
 Data sizes:     COMRAM   BANK0   BANK1   BANK2   BANK3   BANK4   BANK5   BANK6   BANK7   BANK8   BANK9  BANK10  BANK11  BANK12  BANK13  BANK14  BANK15
      Params:         0       0       0       0       0       0       0       0       0       0       0       0       0       0       0       0       0
      Locals:         0       0       0       0       0       0       0       0       0       0       0       0       0       0       0       0       0
      Temps:          0       0       0       0       0       0       0       0       0       0       0       0       0       0       0       0       0
      Totals:         0       0       0       0       0       0       0       0       0       0       0       0       0       0       0       0       0
Total ram usage:        0 bytes
 Hardware stack levels used:    1
[...]
  x               1   24[COMRAM] unsigned char 
 Return value:  Size  Location     Type
		None               void
 Registers used:
		wreg, status,2, status,0, cstack
 Tracked objects:
		On entry : 
		On exit  : 
		Unchanged: 
 Data sizes:     COMRAM   BANK0   BANK1   BANK2   BANK3   BANK4   BANK5   BANK6   BANK7   BANK8   BANK9  BANK10  BANK11  BANK12  BANK13  BANK14  BANK15
      Params:         3       0       0       0       0       0       0       0       0       0       0       0       0       0       0       0       0
      Locals:         1       0       0       0       0       0       0       0       0       0       0       0       0       0       0       0       0
      Temps:          0       0       0       0       0       0       0       0       0       0       0       0       0       0       0       0       0
      Totals:         4       0       0       0       0       0       0       0       0       0       0       0       0       0       0       0       0
Total ram usage:        4 bytes
 Hardware stack levels used:    1
 Hardware stack levels required when called:    5
 This function calls:
		_setAddrWindow
		_write_data
 This function is called by:
		_drawChar
		_drawCircle
		_drawCircleHelper
 This function uses a non-reentrant model


 *************** function _setAddrWindow *****************
 Defined at:
		line 343 in file "ST7735_TFT.c"
 Parameters:    Size  Location     Type
  x0              1    wreg     unsigned char 
  y0              1   17[COMRAM] unsigned char 
  x1              1   18[COMRAM] unsigned char 
  y1              1   19[COMRAM] unsigned char 
 Auto vars:     Size  Location     Type
  x0              1   20[COMRAM] unsigned char 
 Return value:  Size  Location     Type
		None               void
 Registers used:
		wreg, status,2, status,0, cstack
 Tracked objects:
		On entry : 
		On exit  : 
		Unchanged: 
 Data sizes:     COMRAM   BANK0   BANK1   BANK2   BANK3   BANK4   BANK5   BANK6   BANK7   BANK8   BANK9  BANK10  BANK11  BANK12  BANK13  BANK14  BANK15
      Params:         3       0       0       0       0       0       0       0       0       0       0       0       0       0       0       0       0
      Locals:         1       0       0       0       0       0       0       0       0       0       0       0       0       0       0       0       0
      Temps:          0       0       0       0       0       0       0       0       0       0       0       0       0       0       0       0       0
      Totals:         4       0       0       0       0       0       0       0       0       0       0       0       0       0       0       0       0
Total ram usage:        4 bytes
 Hardware stack levels used:    1
 Hardware stack levels required when called:    4
 This function calls:
		_write_command
		_write_data
 This function is called by:
		_drawPixel
		_drawFastVLine
		_fillRectangle
		_drawFastHLine
 This function uses a non-reentrant model


 *************** function _write_data *****************
 Defined at:
		line 156 in file "ST7735_TFT.c"
 Parameters:    Size  Location     Type
  data_           1    wreg     unsigned char 
 Auto vars:     Size  Location     Type
  data_           1   16[COMRAM] unsigned char 
 Return value:  Size  Location     Type
		None               void
 Registers used:
		wreg, status,2, cstack
 Tracked objects:
		On entry : 
		On exit  : 
		Unchanged: 
 Data sizes:     COMRAM   BANK0   BANK1   BANK2   BANK3   BANK4   BANK5   BANK6   BANK7   BANK8   BANK9  BANK10  BANK11  BANK12  BANK13  BANK14  BANK15
      Params:         0       0       0       0       0       0       0       0       0       0       0       0       0       0       0       0       0
      Locals:         1       0       0       0       0       0       0       0       0       0       0       0       0       0       0       0       0
      Temps:          0       0       0       0       0       0       0       0       0       0       0       0       0       0       0       0       0
      Totals:         1       0       0       0       0       0       0       0       0       0       0       0       0       0       0       0       0
Total ram usage:        1 bytes
 Hardware stack levels used:    1
 Hardware stack levels required when called:    3
 This function calls:
		_spiwrite
 This function is called by:
		_Rcmd1
		_Rcmd2red
		_Rcmd3
		_setAddrWindow
		_drawPixel
		_TFT_GreenTab_Initialize
		_Bcmd
		_setScrollDefinition
		_Rcmd2green
		_VerticalScroll
 This function uses a non-reentrant model


 *************** function _write_command *****************
 Defined at:
		line 145 in file "ST7735_TFT.c"
 Parameters:    Size  Location     Type
  cmd_            1    wreg     unsigned char 
 Auto vars:     Size  Location     Type
  cmd_            1   16[COMRAM] unsigned char 
 Return value:  Size  Location     Type
		None               void
 Registers used:
		wreg, status,2, cstack
 Tracked objects:
		On entry : 
		On exit  : 
		Unchanged: 
 Data sizes:     COMRAM   BANK0   BANK1   BANK2   BANK3   BANK4   BANK5   BANK6   BANK7   BANK8   BANK9  BANK10  BANK11  BANK12  BANK13  BANK14  BANK15
      Params:         0       0       0       0       0       0       0       0       0       0       0       0       0       0       0       0       0
      Locals:         1       0       0       0       0       0       0       0       0       0       0       0       0       0       0       0       0
      Temps:          0       0       0       0       0       0       0       0       0       0       0       0       0       0       0       0       0
      Totals:         1       0       0       0       0       0       0       0       0       0       0       0       0       0       0       0       0
Total ram usage:        1 bytes
 Hardware stack levels used:    1
 Hardware stack levels required when called:    3
 This function calls:
		_spiwrite
 This function is called by:
		_Rcmd1
		_Rcmd2red
		_Rcmd3
		_setAddrWindow
		_TFT_GreenTab_Initialize
		_Bcmd
		_setScrollDefinition
		_Rcmd2green
		_VerticalScroll
 This function uses a non-reentrant model


 *************** function _spiwrite *****************
 Defined at:
		line 136 in file "ST7735_TFT.c"
 Parameters:    Size  Location     Type
  spidata         1    wreg     unsigned char 
 Auto vars:     Size  Location     Type
  spidata         1   15[COMRAM] unsigned char 
  x               1   14[COMRAM] unsigned char 
 Return value:  Size  Location     Type
		None               void
 Registers used:
		wreg
 Tracked objects:
		On entry : 
		On exit  : 
		Unchanged: 
 Data sizes:     COMRAM   BANK0   BANK1   BANK2   BANK3   BANK4   BANK5   BANK6   BANK7   BANK8   BANK9  BANK10  BANK11  BANK12  BANK13  BANK14  BANK15
      Params:         0       0       0       0       0       0       0       0       0       0       0       0       0       0       0       0       0
      Locals:         2       0       0       0       0       0       0       0       0       0       0       0       0       0       0       0       0
      Temps:          0       0       0       0       0       0       0       0       0       0       0       0       0       0       0       0       0
      Totals:         2       0       0       0       0       0       0       0       0       0       0       0       0       0       0       0       0
Total ram usage:        2 bytes
 Hardware stack levels used:    1
 Hardware stack levels required when called:    2
 This function calls:
		Nothing
 This function is called by:
		_write_command
		_write_data
		_drawFastVLine
		_fillRectangle
		_drawFastHLine
 This function uses a non-reentrant model


 *************** function ___wmul *****************
 Defined at:
		line 15 in file "C:\Program Files (x86)\Microchip\xc8\v1.34\sources\common\Umul16.c"
 Parameters:    Size  Location     Type
  multiplier      2   14[COMRAM] unsigned int 
  multiplicand    2   16[COMRAM] unsigned int 
 Auto vars:     Size  Location     Type
  product         2   18[COMRAM] unsigned int 
 Return value:  Size  Location     Type
                  2   14[COMRAM] unsigned int 
 Registers used:
		wreg, status,2, status,0, prodl, prodh
 Tracked objects:
		On entry : 
		On exit  : 
		Unchanged: 
 Data sizes:     COMRAM   BANK0   BANK1   BANK2   BANK3   BANK4   BANK5   BANK6   BANK7   BANK8   BANK9  BANK10  BANK11  BANK12  BANK13  BANK14  BANK15
      Params:         4       0       0       0       0       0       0       0       0       0       0       0       0       0       0       0       0
      Locals:         2       0       0       0       0       0       0       0       0       0       0       0       0       0       0       0       0
      Temps:          0       0       0       0       0       0       0       0       0       0       0       0       0       0       0       0       0
      Totals:         6       0       0       0       0       0       0       0       0       0       0       0       0       0       0       0       0
Total ram usage:        6 bytes
 Hardware stack levels used:    1
 Hardware stack levels required when called:    2
 This function calls:
		Nothing
 This function is called by:
		_delay_ms
		_drawChar
		_Read_Volt
 This function uses a non-reentrant model


 *************** function _Deactivate_Buzzer *****************
 Defined at:
		line 83 in file "utils.c"
 Parameters:    Size  Location     Type
		None
 Auto vars:     Size  Location     Type
		None
 Return value:  Size  Location     Type
		None               void
 Registers used:
		wreg, status,2
 Tracked objects:
		On entry : 
		On exit  : 
		Unchanged: 
 Data sizes:     COMRAM   BANK0   BANK1   BANK2   BANK3   BANK4   BANK5   BANK6   BANK7   BANK8   BANK9  BANK10  BANK11  BANK12  BANK13  BANK14  BANK15
      Params:         0       0       0       0       0       0       0       0       0       0       0       0       0       0       0       0       0
      Locals:         0       0       0       0       0       0       0       0       0       0       0       0       0       0       0       0       0
      Temps:          0       0       0       0       0       0       0       0       0       0       0       0       0       0       0       0       0
      Totals:         0       0       0       0       0       0       0       0       0       0       0       0       0       0       0       0       0
Total ram usage:        0 bytes
 Hardware stack levels used:    1
 Hardware stack levels required when called:    2
 This function calls:
		Nothing
 This function is called by:
		_Wait_One_Second_With_Beep
		_Do_Beep
 This function uses a non-reentrant model


 *************** function _Activate_Buzzer *****************
 Defined at:
		line 60 in file "utils.c"
 Parameters:    Size  Location     Type
		None
 Auto vars:     Size  Location     Type
		None
 Return value:  Size  Location     Type
		None               void
 Registers used:
		wreg, status,2
 Tracked objects:
		On entry : 
		On exit  : 
		Unchanged: 
 Data sizes:     COMRAM   BANK0   BANK1   BANK2   BANK3   BANK4   BANK5   BANK6   BANK7   BANK8   BANK9  BANK10  BANK11  BANK12  BANK13  BANK14  BANK15
      Params:         0       0       0       0       0       0       0       0       0       0       0       0       0       0       0       0       0
      Locals:         0       0       0       0       0       0       0       0       0       0       0       0       0       0       0       0       0
      Temps:          0       0       0       0       0       0       0       0       0       0       0       0       0       0       0       0       0
      Totals:         0       0       0       0       0       0       0       0       0       0       0       0       0       0       0       0       0
Total ram usage:        0 bytes
 Hardware stack levels used:    1
 Hardware stack levels required when called:    2
 This function calls:
		Nothing
 This function is called by:
		_Wait_One_Second_With_Beep
		_Do_Beep
 This function uses a non-reentrant model


 *************** function _chkisr *****************
 Defined at:
		line 18 in file "Interrupt.c"
 Parameters:    Size  Location     Type
		None
 Auto vars:     Size  Location     Type
		None
 Return value:  Size  Location     Type
		None               void
 Registers used:
		wreg, status,2, cstack
 Tracked objects:
		On entry : 
		On exit  : 
		Unchanged: 
 Data sizes:     COMRAM   BANK0   BANK1   BANK2   BANK3   BANK4   BANK5   BANK6   BANK7   BANK8   BANK9  BANK10  BANK11  BANK12  BANK13  BANK14  BANK15
      Params:         0       0       0       0       0       0       0       0       0       0       0       0       0       0       0       0       0
      Locals:         0       0       0       0       0       0       0       0       0       0       0       0       0       0       0       0       0
      Temps:         14       0       0       0       0       0       0       0       0       0       0       0       0       0       0       0       0
      Totals:        14       0       0       0       0       0       0       0       0       0       0       0       0       0       0       0       0
Total ram usage:       14 bytes
 Hardware stack levels used:    1
 Hardware stack levels required when called:    1
 This function calls:
		_INT0_ISR
 This function is called by:
		Interrupt level 2
 This function uses a non-reentrant model


 *************** function _INT0_ISR *****************
 Defined at:
		line 24 in file "Interrupt.c"
 Parameters:    Size  Location     Type
		None
 Auto vars:     Size  Location     Type
		None
 Return value:  Size  Location     Type
		None               void
 Registers used:
		wreg, status,2
 Tracked objects:
		On entry : 
		On exit  : 
		Unchanged: 
 Data sizes:     COMRAM   BANK0   BANK1   BANK2   BANK3   BANK4   BANK5   BANK6   BANK7   BANK8   BANK9  BANK10  BANK11  BANK12  BANK13  BANK14  BANK15
      Params:         0       0       0       0       0       0       0       0       0       0       0       0       0       0       0       0       0
      Locals:         0       0       0       0       0       0       0       0       0       0       0       0       0       0       0       0       0
      Temps:          0       0       0       0       0       0       0       0       0       0       0       0       0       0       0       0       0
      Totals:         0       0       0       0       0       0       0       0       0       0       0       0       0       0       0       0       0
Total ram usage:        0 bytes
 Hardware stack levels used:    1
 This function calls:
		Nothing
 This function is called by:
		_chkisr
 This function uses a non-reentrant model



MODULE INFORMATION

Module		Function		Class		Link	Load	Size
C:\Program Files (x86)\Microchip\xc8\v1.34\sources\common\ftge.c
		___ftge        		CODE           	1DFC	0000	151

C:\Program Files (x86)\Microchip\xc8\v1.34\sources\common\ftge.c estimated size: 151

C:\Program Files (x86)\Microchip\xc8\v1.34\sources\common\float.c
		___ftpack      		CODE           	1AAA	0000	199

C:\Program Files (x86)\Microchip\xc8\v1.34\sources\common\float.c estimated size: 199

C:\Program Files (x86)\Microchip\xc8\v1.34\sources\pic18\plib\USART\uopen.c
		_OpenUSART     		CODE           	2096	0000	113

C:\Program Files (x86)\Microchip\xc8\v1.34\sources\pic18\plib\USART\uopen.c estimated size: 113

C:\Program Files (x86)\Microchip\xc8\v1.34\sources\common\awmod.c
		___awmod       		CODE           	1FA2	0000	131

C:\Program Files (x86)\Microchip\xc8\v1.34\sources\common\awmod.c estimated size: 131

ST7735_TFT.c
		_drawChar      		CODE           	10A8	0000	343
		_drawCircle    		CODE           	0D70	0000	431
		_fillScreen    		CODE           	27DA	0000	29
		_Rcmd3         		CODE           	1648	0000	243
		_write_data    		CODE           	288C	0000	17
		_setAddrWindow 		CODE           	239A	0000	79
		_drawtext      		CODE           	1446	0000	267
		_fillRect      		CODE           	23E8	0000	75
		_LCD_Reset     		CODE           	2868	0000	19
		_fillCircle    		CODE           	2348	0000	83
		_drawPixel     		CODE           	26E6	0000	49
		_fillRectangle 		CODE           	1902	0000	221
		_write_command 		CODE           	289C	0000	17
		_fillCircleHelp		CODE           	11FE	0000	313
		_drawFastHLine 		CODE           	1E92	0000	137
		_drawFastVLine 		CODE           	1F1A	0000	137
		_Rcmd2red      		CODE           	2552	0000	63
		_TFT_GreenTab_I		CODE           	2740	0000	43
		_delay_ms      		CODE           	22F6	0000	83
		_Rcmd1         		CODE           	1336	0000	273
		_drawRect      		CODE           	2174	0000	103
		_spiwrite      		CODE           	2854	0000	21

ST7735_TFT.c estimated size: 3046

C:\Program Files (x86)\Microchip\xc8\v1.34\sources\common\awtoft.c
		___awtoft      		CODE           	25CE	0000	61

C:\Program Files (x86)\Microchip\xc8\v1.34\sources\common\awtoft.c estimated size: 61

Main_Screen.c
		_Draw_Star     		CODE           	2644	0000	59
		_Erase_Star    		CODE           	260A	0000	59
		_update_LCD_col		CODE           	0796	0000	867
		_update_LCD_cou		CODE           	0F1E	0000	395
		_update_LCD_PED		CODE           	19DE	0000	205
		_Initialize_LCD		CODE           	001C	0000	1915
		_update_LCD_mis		CODE           	0AF8	0000	633

Main_Screen.c estimated size: 4133

C:\Program Files (x86)\Microchip\xc8\v1.34\sources\common\ftmul.c
		___ftmul       		CODE           	1550	0000	249

C:\Program Files (x86)\Microchip\xc8\v1.34\sources\common\ftmul.c estimated size: 249

C:\Program Files (x86)\Microchip\xc8\v1.34\sources\common\strlen.c
		_strlen        		CODE           	2590	0000	63

C:\Program Files (x86)\Microchip\xc8\v1.34\sources\common\strlen.c estimated size: 63

C:\Program Files (x86)\Microchip\xc8\v1.34\sources\common\ftdiv.c
		___ftdiv       		CODE           	1820	0000	227

C:\Program Files (x86)\Microchip\xc8\v1.34\sources\common\ftdiv.c estimated size: 227

shared
		_font          		MEDIUMCONST    	FDCF	0000	256
		__initializatio		CODE           	21DA	0000	89
		_font2         		MEDIUMCONST    	FECE	0000	221

shared estimated size: 566

Interrupt.c
		_INT0_ISR      		CODE           	28C2	0000	9
		_chkisr        		CODE           	0008	0000	131

Interrupt.c estimated size: 140

C:\Program Files (x86)\Microchip\xc8\v1.34\sources\common\strcpy.c
		_strcpy        		CODE           	26B4	0000	51

C:\Program Files (x86)\Microchip\xc8\v1.34\sources\common\strcpy.c estimated size: 51

C:\Program Files (x86)\Microchip\xc8\v1.34\sources\common\awdiv.c
		___awdiv       		CODE           	1D66	0000	151

C:\Program Files (x86)\Microchip\xc8\v1.34\sources\common\awdiv.c estimated size: 151

utils.c
		_Init_UART     		CODE           	2840	0000	21
		_Read_Volt     		CODE           	2106	0000	111
		_Init_ADC      		CODE           	28AC	0000	15
		_Deactivate_Buz		CODE           	28BA	0000	9
		_Wait_Half_Seco		CODE           	2810	0000	27
		_get_full_ADC  		CODE           	2792	0000	39
		_Activate_Buzze		CODE           	287A	0000	19

utils.c estimated size: 241

C:\Program Files (x86)\Microchip\xc8\v1.34\sources\common\fttol.c
		___fttol       		CODE           	173A	0000	231

C:\Program Files (x86)\Microchip\xc8\v1.34\sources\common\fttol.c estimated size: 231

C:\Program Files (x86)\Microchip\xc8\v1.34\sources\common\Umul16.c
		___wmul        		CODE           	276A	0000	41

C:\Program Files (x86)\Microchip\xc8\v1.34\sources\common\Umul16.c estimated size: 41

Lab7_S1_sample.c
		_Set_EW        		CODE           	250A	0000	73
		_Night_Mode    		CODE           	1C30	0000	161
		_Set_NS        		CODE           	247A	0000	73
		_main          		CODE           	1CD0	0000	151
		_Wait_One_Secon		CODE           	27F6	0000	27
		_Do_Flashing   		CODE           	223C	0000	97
		_Wait_N_Seconds		CODE           	267E	0000	55
		_Set_EW_LT     		CODE           	24C2	0000	73
		_Day_Mode      		CODE           	1B70	0000	193
		_Wait_One_Secon		CODE           	27B8	0000	35
		_Set_NS_LT     		CODE           	2432	0000	73
		_PED_Control   		CODE           	229C	0000	91

Lab7_S1_sample.c estimated size: 1102

