Microchip MPLAB XC8 Compiler V1.34 ()

Linker command line:

-W-3 --edf=C:\Program Files (x86)\Microchip\xc8\v1.34\dat\en_msgs.txt -cs \
  -h+dist/default/production\Lab10test.X.production.sym \
  --cmf=dist/default/production\Lab10test.X.production.cmf -z -Q18F4620 \
  -oC:\Users\tayle\AppData\Local\Temp\s1k88.6 \
  -Mdist/default/production/Lab10test.X.production.map -E1 -ver=XC8 \
  -ASTACK=01A8h-0f7fh -pstack=STACK -ACODE=00h-0FFFFh -ACONST=00h-0FFFFh \
  -ASMALLCONST=01000h-010FFhx240 -AMEDIUMCONST=01000h-0FFFFh \
  -ACOMRAM=01h-07Fh -AABS1=00h-0F7Fh -ABIGRAM=01h-0F7Fh \
  -ARAM=080h-0FFh,0100h-01FFhx14,0F00h-0F7Fh -ABANK0=080h-0FFh \
  -ABANK1=0100h-01FFh -ABANK2=0200h-02FFh -ABANK3=0300h-03FFh \
  -ABANK4=0400h-04FFh -ABANK5=0500h-05FFh -ABANK6=0600h-06FFh \
  -ABANK7=0700h-07FFh -ABANK8=0800h-08FFh -ABANK9=0900h-09FFh \
  -ABANK10=0A00h-0AFFh -ABANK11=0B00h-0BFFh -ABANK12=0C00h-0CFFh \
  -ABANK13=0D00h-0DFFh -ABANK14=0E00h-0EFFh -ABANK15=0F00h-0F7Fh \
  -ASFR=0F80h-0FFFh \
  -preset_vec=00h,intcode=08h,intcodelo,powerup,init,end_init \
  -pramtop=01000h -psmallconst=SMALLCONST -pmediumconst=MEDIUMCONST \
  -pconst=CONST -AFARRAM=00h-00h -ACONFIG=0300000h-030000Dh -pconfig=CONFIG \
  -AIDLOC=0200000h-0200007h -pidloc=IDLOC -AEEDATA=0F00000h-0F003FFh \
  -peeprom_data=EEDATA \
  -prdata=COMRAM,nvrram=COMRAM,nvbit=COMRAM,rbss=COMRAM,rbit=COMRAM \
  -pfarbss=FARRAM,fardata=FARRAM,nvFARRAM=FARRAM \
  -pintsave_regs=BIGRAM,bigbss=BIGRAM,bigdata=BIGRAM -pbss=RAM \
  -pidata=CODE,irdata=CODE,ibigdata=CODE,ifardata=CODE -prparam=COMRAM \
  C:\Users\tayle\AppData\Local\Temp\s1k88.obj \
  dist/default/production\Lab10test.X.production.obj 

Object code version is 3.11

Machine type is 18F4620

Call graph: (short form)




                Name                               Link     Load   Length Selector   Space Scale
C:\Users\tayle\AppData\Local\Temp\s1k88.obj
                end_init                             18       18        4        4       0
                reset_vec                             0        0        4        0       0
                idloc                            200000   200000        8   200000       0
                config                           300000   300000        E   300000       0
dist/default/production\Lab10test.X.production.obj
                intcode                               8        8       10        4       0
                mediumconst                        FDCE     FDCE      232     7EE7       0
                text40                             15EE     15EE        8      AAB       0
                text39                              64C      64C      19E        4       0
                text38                             15D0     15D0        C      AAB       0
                intcode_body                       10B2     10B2       7C        4       0
                text36                             1590     1590       12      AAB       0
                text35                             15E6     15E6        8      AAB       0
                text34                             15F6     15F6        6      AAB       0
                text33                             1528     1528       18      9E1       0
                text32                             112E     112E       70        4       0
                text31                             156A     156A       14      AAB       0
                text30                             14CA     14CA       28      9E1       0
                text29                             124C     124C       52        4       0
                text28                             157E     157E       12      AAB       0
                text27                             1556     1556       14      AAB       0
                text26                             15B2     15B2       10      AAB       0
                text25                             15A2     15A2       10      AAB       0
                text24                              A78      A78      110        4       0
                text23                             1400     1400       3E      9E1       0
                text22                              C92      C92       F2        4       0
                text21                             14A0     14A0       2A      9E1       0
                text20                             129E     129E       4E        4       0
                text19                             1470     1470       30      9E1       0
                text18                              FA8      FA8       88        4       0
                text17                             1338     1338       4A        4       0
                text16                              7EA      7EA      156        4       0
                text15                             13C2     13C2       3E      9E1       0
                text14                              B88      B88      10A        4       0
                text13                              D84      D84       DC        4       0
                text12                             14F2     14F2       1C      9E1       0
                text11                             143E     143E       32      9E1       0
                text10                              F08      F08       A0        4       0
                text9                              150E     150E       1A      9E1       0
                text8                              15DC     15DC        A      AAB       0
                text7                               49E      49E      1AE        4       0
                text6                               940      940      138        4       0
                text5                              11FA     11FA       52        4       0
                text4                              119E     119E       5C        4       0
                text3                              12EC     12EC       4C        4       0
                text2                              15C2     15C2        E      AAB       0
                text1                               28C      28C      212        4       0
                text0                                1C       1C      270        4       0
                cstackCOMRAM                          1        1       46        1       1
                cstackBANK0                          DE       DE       10       80       1
                dataBANK1                           100      100       A8      100       1
                dataBANK0                            80       80       3F       80       1
                bssBANK0                             BF       BF       1F       80       1
                dataCOMRAM                           47       47       15        1       1
                bssCOMRAM                            5C       5C       12        1       1
                cinit                              1030     1030       82        4       0
                idataBANK1                          E60      E60       A8        4       0
                idataBANK0                         1382     1382       3F        4       0
                idataCOMRAM                        1540     1540       15      9E1       0

TOTAL           Name                               Link     Load   Length     Space
        CLASS   STACK          

        CLASS   CODE           
                end_init                             18       18        4         0
                intcode                               8        8       10         0
                reset_vec                             0        0        4         0
                text40                             15EE     15EE        8         0
                text39                              64C      64C      19E         0
                text38                             15D0     15D0        C         0
                intcode_body                       10B2     10B2       7C         0
                text36                             1590     1590       12         0
                text35                             15E6     15E6        8         0
                text34                             15F6     15F6        6         0
                text33                             1528     1528       18         0
                text32                             112E     112E       70         0
                text31                             156A     156A       14         0
                text30                             14CA     14CA       28         0
                text29                             124C     124C       52         0
                text28                             157E     157E       12         0
                text27                             1556     1556       14         0
                text26                             15B2     15B2       10         0
                text25                             15A2     15A2       10         0
                text24                              A78      A78      110         0
                text23                             1400     1400       3E         0
                text22                              C92      C92       F2         0
                text21                             14A0     14A0       2A         0
                text20                             129E     129E       4E         0
                text19                             1470     1470       30         0
                text18                              FA8      FA8       88         0
                text17                             1338     1338       4A         0
                text16                              7EA      7EA      156         0
                text15                             13C2     13C2       3E         0
                text14                              B88      B88      10A         0
                text13                              D84      D84       DC         0
                text12                             14F2     14F2       1C         0
                text11                             143E     143E       32         0
                text10                              F08      F08       A0         0
                text9                              150E     150E       1A         0
                text8                              15DC     15DC        A         0
                text7                               49E      49E      1AE         0
                text6                               940      940      138         0
                text5                              11FA     11FA       52         0
                text4                              119E     119E       5C         0
                text3                              12EC     12EC       4C         0
                text2                              15C2     15C2        E         0
                text1                               28C      28C      212         0
                text0                                1C       1C      270         0
                cinit                              1030     1030       82         0
                idataBANK1                          E60      E60       A8         0
                idataBANK0                         1382     1382       3F         0
                idataCOMRAM                        1540     1540       15         0

        CLASS   CONST          

        CLASS   SMALLCONST     

        CLASS   MEDIUMCONST    
                mediumconst                        FDCE     FDCE      232         0

        CLASS   COMRAM         
                cstackCOMRAM                          1        1       46         1
                dataCOMRAM                           47       47       15         1
                bssCOMRAM                            5C       5C       12         1

        CLASS   ABS1           

        CLASS   BIGRAM         

        CLASS   RAM            

        CLASS   BANK0          
                cstackBANK0                          DE       DE       10         1
                dataBANK0                            80       80       3F         1
                bssBANK0                             BF       BF       1F         1

        CLASS   BANK1          
                dataBANK1                           100      100       A8         1

        CLASS   BANK2          

        CLASS   BANK3          

        CLASS   BANK4          

        CLASS   BANK5          

        CLASS   BANK6          

        CLASS   BANK7          

        CLASS   BANK8          

        CLASS   BANK9          

        CLASS   BANK10         

        CLASS   BANK11         

        CLASS   BANK12         

        CLASS   BANK13         

        CLASS   BANK14         

        CLASS   BANK15         

        CLASS   SFR            

        CLASS   FARRAM         

        CLASS   CONFIG         
                config                           300000   300000        E         0

        CLASS   IDLOC          
                idloc                            200000   200000        8         0

        CLASS   EEDATA         



SEGMENTS        Name                           Load    Length   Top    Selector   Space  Class

                reset_vec                      000000  000004  000004         0       0  CODE    
                cstackCOMRAM                   000001  00006D  00006E         1       1  COMRAM  
                intcode                        000008  0013B9  0013C1         4       0  CODE    
                dataBANK0                      000080  00006E  0000EE        80       1  BANK0   
                dataBANK1                      000100  0000A8  0001A8       100       1  BANK1   
                text15                         0013C2  000193  001555       9E1       0  CODE    
                text27                         001556  0000A6  0015FC       AAB       0  CODE    
                mediumconst                    00FDCE  000232  010000      7EE7       0  MEDIUMCO
                idloc                          200000  000008  200008    200000       0  IDLOC   
                config                         300000  00000E  30000E    300000       0  CONFIG  


UNUSED ADDRESS RANGES

        Name                Unused          Largest block    Delta
        BANK0            0000EE-0000FF               12
        BANK1            0001A8-0001FF               58
        BANK10           000A00-000AFF              100
        BANK11           000B00-000BFF              100
        BANK12           000C00-000CFF              100
        BANK13           000D00-000DFF              100
        BANK14           000E00-000EFF              100
        BANK15           000F00-000F7F               80
        BANK2            000200-0002FF              100
        BANK3            000300-0003FF              100
        BANK4            000400-0004FF              100
        BANK5            000500-0005FF              100
        BANK6            000600-0006FF              100
        BANK7            000700-0007FF              100
        BANK8            000800-0008FF              100
        BANK9            000900-0009FF              100
        BIGRAM           00006E-00007F               12
                         0000EE-0000FF               12
                         0001A8-000F7F              DD8
        CODE             000004-000007                4
                         0013C1-0013C1                1
                         001555-001555                1
                         0015FC-00FDCD             E7D2
        COMRAM           00006E-00007F               12
        CONST            000004-000007                4
                         0013C1-0013C1                1
                         001555-001555                1
                         0015FC-00FDCD             E7D2
        EEDATA           F00000-F003FF              400
        MEDIUMCONST      0013C1-0013C1                1
                         001555-001555                1
                         0015FC-00FDCD             E7D2
        RAM              0000EE-0000FF               12
                         0001A8-000F7F              100
        SFR              000F80-000FFF               80
        SMALLCONST       0013C1-0013C1                1
                         001555-001555                1
                         0015FC-00FDCD              100
        STACK            0001A8-000F7F              DD8

                                  Symbol Table

?___lwdiv                         cstackCOMRAM 000011
?___lwmod                         cstackCOMRAM 000018
?___wmul                          cstackCOMRAM 000011
?_printf                          cstackCOMRAM 00001D
?_strlen                          cstackCOMRAM 000011
OpenUSART@config                  cstackCOMRAM 000013
OpenUSART@spbrg                   cstackCOMRAM 000011
_ADCON0                           (abs)        000FC2
_ADCON0bits                       (abs)        000FC2
_ADCON1                           (abs)        000FC1
_ADCON2                           (abs)        000FC0
_ADRESH                           (abs)        000FC4
_ADRESL                           (abs)        000FC3
_Activate_Buzzer                  text36       001590
_CCP2CON                          (abs)        000FBA
_CCPR2L                           (abs)        000FBB
_Deactivate_Buzzer                text35       0015E6
_Enable_INT_Interrupt             text34       0015F6
_INT0IE                           (abs)        007F94
_INTCON2bits                      (abs)        000FF1
_INTCONbits                       (abs)        000FF2
_INTx_isr                         text39       00064C
_Init_Interrupt                   text33       001528
_Init_UART                        text31       00156A
_Initialize_LCD_Screen            text10       000F08
_LCD_Reset                        text28       00157E
_Nec_Button                       bssCOMRAM    000068
_Nec_OK                           bssCOMRAM    000060
_Nec_State                        bssCOMRAM    000069
_Nec_code                         bssCOMRAM    00005C
_OSCCON                           (abs)        000FD3
_OpenUSART                        text32       00112E
_PIE1bits                         (abs)        000F9D
_PIR1bits                         (abs)        000F9E
_PIR2bits                         (abs)        000FA1
_PORTA                            (abs)        000F80
_PORTB                            (abs)        000F81
_PORTC                            (abs)        000F82
_PORTCbits                        (abs)        000F82
_PORTDbits                        (abs)        000F83
_PORTE                            (abs)        000F84
_PR2                              (abs)        000FCB
_RCSTA                            (abs)        000FAB
_RCSTAbits                        (abs)        000FAB
_RGB_LED                          dataCOMRAM   000047
_Rcmd1                            text24       000A78
_Rcmd2red                         text23       001400
_Rcmd3                            text22       000C92
_Reset_Nec_State                  text40       0015EE
_SPBRG                            (abs)        000FAF
_SPBRGH                           (abs)        000FB0
_SSPBUF                           (abs)        000FC9
_SSPCON1                          (abs)        000FC6
_SSPSTAT                          (abs)        000FC7
_SSPSTATbits                      (abs)        000FC7
_T0CON                            (abs)        000FD5
_T0CONbits                        (abs)        000FD5
_T1CON                            (abs)        000FCD
_T1CONbits                        (abs)        000FCD
_T2CON                            (abs)        000FCA
_T3CON                            (abs)        000FB1
_T3CONbits                        (abs)        000FB1
_TFT_GreenTab_Initialize          text21       0014A0
_TIMER1_isr                       text38       0015D0
_TMR0H                            (abs)        000FD7
_TMR0L                            (abs)        000FD6
_TMR1H                            (abs)        000FCF
_TMR1L                            (abs)        000FCE
_TRISA                            (abs)        000F92
_TRISB                            (abs)        000F93
_TRISC                            (abs)        000F94
_TRISCbits                        (abs)        000F94
_TRISD                            (abs)        000F95
_TRISE                            (abs)        000F96
_TRMT                             (abs)        007D61
_TXREG                            (abs)        000FAD
_TXSTA                            (abs)        000FAC
_TXSTAbits                        (abs)        000FAC
_Time_Elapsed                     bssCOMRAM    000062
_Timing_Txt                       dataCOMRAM   000052
_Wait_Half_Second                 text9        00150E
_Wait_One_Sec                     text8        0015DC
__CFG_BOREN$OFF                   (abs)        000000
__CFG_LVP$OFF                     (abs)        000000
__CFG_OSC$INTIO67                 (abs)        000000
__CFG_WDT$OFF                     (abs)        000000
__HRAM                            (abs)        000000
__Habs1                           abs1         000000
__Hbank0                          bank0        000000
__Hbank1                          bank1        000000
__Hbank10                         bank10       000000
__Hbank11                         bank11       000000
__Hbank12                         bank12       000000
__Hbank13                         bank13       000000
__Hbank14                         bank14       000000
__Hbank15                         bank15       000000
__Hbank2                          bank2        000000
__Hbank3                          bank3        000000
__Hbank4                          bank4        000000
__Hbank5                          bank5        000000
__Hbank6                          bank6        000000
__Hbank7                          bank7        000000
__Hbank8                          bank8        000000
__Hbank9                          bank9        000000
__Hbigbss                         bigbss       000000
__Hbigdata                        bigdata      000000
__Hbigram                         bigram       000000
__Hbss                            bss          000000
__HbssBANK0                       bssBANK0     000000
__HbssCOMRAM                      bssCOMRAM    000000
__Hcinit                          cinit        000000
__Hclrtext                        clrtext      000000
__Hcomram                         comram       000000
__Hconfig                         config       30000E
__Hconst                          const        000000
__HcstackBANK0                    cstackBANK0  000000
__HcstackCOMRAM                   cstackCOMRAM 000000
__Hdata                           data         000000
__HdataBANK0                      dataBANK0    000000
__HdataBANK1                      dataBANK1    000000
__HdataCOMRAM                     dataCOMRAM   000000
__Heeprom_data                    eeprom_data  000000
__Hend_init                       end_init     00001C
__Hfarbss                         farbss       000000
__Hfardata                        fardata      000000
__Hibigdata                       ibigdata     000000
__Hidata                          idata        000000
__HidataBANK0                     idataBANK0   000000
__HidataBANK1                     idataBANK1   000000
__HidataCOMRAM                    idataCOMRAM  000000
__Hidloc                          idloc        200008
__Hifardata                       ifardata     000000
__Hinit                           init         000018
__Hintcode                        intcode      000018
__Hintcode_body                   intcode_body 000000
__Hintcodelo                      intcodelo    000018
__Hintentry                       intentry     000000
__Hintret                         intret       000000
__Hintsave_regs                   intsave_regs 000000
__Hirdata                         irdata       000000
__Hmediumconst                    mediumconst  010000
__HnvFARRAM                       nvFARRAM     000000
__Hnvbit                          nvbit        000000
__Hnvrram                         nvrram       000000
__Hparam                          rparam       000000
__Hpowerup                        powerup      000018
__Hram                            ram          000000
__Hramtop                         ramtop       001000
__Hrbit                           rbit         000000
__Hrbss                           rbss         000000
__Hrdata                          rdata        000000
__Hreset_vec                      reset_vec    000004
__Hrparam                         rparam       000000
__Hsfr                            sfr          000000
__Hsmallconst                     smallconst   000000
__Hspace_0                        (abs)        30000E
__Hspace_1                        (abs)        0001A8
__Hspace_2                        (abs)        000000
__Hstack                          stack        000000
__Hstruct                         struct       000000
__Htemp                           temp         000000
__Htext                           text         000000
__Htext0                          text0        000000
__Htext1                          text1        000000
__Htext10                         text10       000000
__Htext11                         text11       000000
__Htext12                         text12       000000
__Htext13                         text13       000000
__Htext14                         text14       000000
__Htext15                         text15       000000
__Htext16                         text16       000000
__Htext17                         text17       000000
__Htext18                         text18       000000
__Htext19                         text19       000000
__Htext2                          text2        000000
__Htext20                         text20       000000
__Htext21                         text21       000000
__Htext22                         text22       000000
__Htext23                         text23       000000
__Htext24                         text24       000000
__Htext25                         text25       000000
__Htext26                         text26       000000
__Htext27                         text27       000000
__Htext28                         text28       000000
__Htext29                         text29       000000
__Htext3                          text3        000000
__Htext30                         text30       000000
__Htext31                         text31       000000
__Htext32                         text32       000000
__Htext33                         text33       000000
__Htext34                         text34       000000
__Htext35                         text35       000000
__Htext36                         text36       000000
__Htext38                         text38       000000
__Htext39                         text39       000000
__Htext4                          text4        000000
__Htext40                         text40       000000
__Htext5                          text5        000000
__Htext6                          text6        000000
__Htext7                          text7        000000
__Htext8                          text8        000000
__Htext9                          text9        000000
__LRAM                            (abs)        000001
__Labs1                           abs1         000000
__Lbank0                          bank0        000000
__Lbank1                          bank1        000000
__Lbank10                         bank10       000000
__Lbank11                         bank11       000000
__Lbank12                         bank12       000000
__Lbank13                         bank13       000000
__Lbank14                         bank14       000000
__Lbank15                         bank15       000000
__Lbank2                          bank2        000000
__Lbank3                          bank3        000000
__Lbank4                          bank4        000000
__Lbank5                          bank5        000000
__Lbank6                          bank6        000000
__Lbank7                          bank7        000000
__Lbank8                          bank8        000000
__Lbank9                          bank9        000000
__Lbigbss                         bigbss       000000
__Lbigdata                        bigdata      000000
__Lbigram                         bigram       000000
__Lbss                            bss          000000
__LbssBANK0                       bssBANK0     000000
__LbssCOMRAM                      bssCOMRAM    000000
__Lcinit                          cinit        000000
__Lclrtext                        clrtext      000000
__Lcomram                         comram       000000
__Lconfig                         config       300000
__Lconst                          const        000000
__LcstackBANK0                    cstackBANK0  000000
__LcstackCOMRAM                   cstackCOMRAM 000000
__Ldata                           data         000000
__LdataBANK0                      dataBANK0    000000
__LdataBANK1                      dataBANK1    000000
__LdataCOMRAM                     dataCOMRAM   000000
__Leeprom_data                    eeprom_data  000000
__Lend_init                       end_init     000018
__Lfarbss                         farbss       000000
__Lfardata                        fardata      000000
__Libigdata                       ibigdata     000000
__Lidata                          idata        000000
__LidataBANK0                     idataBANK0   000000
__LidataBANK1                     idataBANK1   000000
__LidataCOMRAM                    idataCOMRAM  000000
__Lidloc                          idloc        200000
__Lifardata                       ifardata     000000
__Linit                           init         000018
__Lintcode                        intcode      000008
__Lintcode_body                   intcode_body 000000
__Lintcodelo                      intcodelo    000018
__Lintentry                       intentry     000000
__Lintret                         intret       000000
__Lintsave_regs                   intsave_regs 000000
__Lirdata                         irdata       000000
__Lmediumconst                    mediumconst  00FDCE
__LnvFARRAM                       nvFARRAM     000000
__Lnvbit                          nvbit        000000
__Lnvrram                         nvrram       000000
__Lparam                          rparam       000000
__Lpowerup                        powerup      000018
__Lram                            ram          000000
__Lramtop                         ramtop       001000
__Lrbit                           rbit         000000
__Lrbss                           rbss         000000
__Lrdata                          rdata        000000
__Lreset_vec                      reset_vec    000000
__Lrparam                         rparam       000000
__Lsfr                            sfr          000000
__Lsmallconst                     smallconst   000000
__Lspace_0                        (abs)        000000
__Lspace_1                        (abs)        000000
__Lspace_2                        (abs)        000000
__Lstack                          stack        000000
__Lstruct                         struct       000000
__Ltemp                           temp         000000
__Ltext                           text         000000
__Ltext0                          text0        000000
__Ltext1                          text1        000000
__Ltext10                         text10       000000
__Ltext11                         text11       000000
__Ltext12                         text12       000000
__Ltext13                         text13       000000
__Ltext14                         text14       000000
__Ltext15                         text15       000000
__Ltext16                         text16       000000
__Ltext17                         text17       000000
__Ltext18                         text18       000000
__Ltext19                         text19       000000
__Ltext2                          text2        000000
__Ltext20                         text20       000000
__Ltext21                         text21       000000
__Ltext22                         text22       000000
__Ltext23                         text23       000000
__Ltext24                         text24       000000
__Ltext25                         text25       000000
__Ltext26                         text26       000000
__Ltext27                         text27       000000
__Ltext28                         text28       000000
__Ltext29                         text29       000000
__Ltext3                          text3        000000
__Ltext30                         text30       000000
__Ltext31                         text31       000000
__Ltext32                         text32       000000
__Ltext33                         text33       000000
__Ltext34                         text34       000000
__Ltext35                         text35       000000
__Ltext36                         text36       000000
__Ltext38                         text38       000000
__Ltext39                         text39       000000
__Ltext4                          text4        000000
__Ltext40                         text40       000000
__Ltext5                          text5        000000
__Ltext6                          text6        000000
__Ltext7                          text7        000000
__Ltext8                          text8        000000
__Ltext9                          text9        000000
__S0                              (abs)        30000E
__S1                              (abs)        0001A8
__S2                              (abs)        000000
___inthi_sp                       stack        000000
___intlo_sp                       stack        000000
___lwdiv                          text4        00119E
___lwdiv@counter                  cstackCOMRAM 000017
___lwdiv@dividend                 cstackCOMRAM 000011
___lwdiv@divisor                  cstackCOMRAM 000013
___lwdiv@quotient                 cstackCOMRAM 000015
___lwmod                          text3        0012EC
___lwmod@counter                  cstackCOMRAM 00001C
___lwmod@dividend                 cstackCOMRAM 000018
___lwmod@divisor                  cstackCOMRAM 00001A
___param_bank                     (abs)        000010
___rparam_used                    (abs)        000001
___sp                             stack        000000
___wmul                           text30       0014CA
___wmul@multiplicand              cstackCOMRAM 000013
___wmul@multiplier                cstackCOMRAM 000011
___wmul@product                   cstackCOMRAM 000015
__accesstop                       (abs)        000080
__activetblptr                    (abs)        000002
__end_of_Activate_Buzzer          text36       0015A2
__end_of_Deactivate_Buzzer        text35       0015EE
__end_of_Enable_INT_Interrupt     text34       0015FC
__end_of_INTx_isr                 text39       0007EA
__end_of_Init_Interrupt           text33       001540
__end_of_Init_UART                text31       00157E
__end_of_Initialize_LCD_Screen    text10       000FA8
__end_of_LCD_Reset                text28       001590
__end_of_OpenUSART                text32       00119E
__end_of_Rcmd1                    text24       000B88
__end_of_Rcmd2red                 text23       00143E
__end_of_Rcmd3                    text22       000D84
__end_of_Reset_Nec_State          text40       0015F6
__end_of_TFT_GreenTab_Initialize  text21       0014CA
__end_of_TIMER1_isr               text38       0015DC
__end_of_Wait_Half_Second         text9        001528
__end_of_Wait_One_Sec             text8        0015E6
__end_of___lwdiv                  text4        0011FA
__end_of___lwmod                  text3        001338
__end_of___wmul                   text30       0014F2
__end_of__initialization          cinit        0010A8
__end_of_chkisr                   intcode_body 00112E
__end_of_delay_ms                 text29       00129E
__end_of_dpowers                  mediumconst  00FFB4
__end_of_drawChar                 text16       000940
__end_of_drawCircle               text7        00064C
__end_of_drawFastVLine            text18       001030
__end_of_drawPixel                text19       0014A0
__end_of_drawtext                 text14       000C92
__end_of_fillCircle               text5        00124C
__end_of_fillCircleHelper         text6        000A78
__end_of_fillRect                 text17       001382
__end_of_fillRectangle            text13       000E60
__end_of_fillScreen               text12       00150E
__end_of_font                     mediumconst  00FECE
__end_of_font2                    mediumconst  00FFAA
__end_of_hexpowers                mediumconst  00FFBC
__end_of_main                     text0        00028C
__end_of_printf                   text1        00049E
__end_of_putch                    text2        0015D0
__end_of_setAddrWindow            text20       0012EC
__end_of_spiwrite                 text27       00156A
__end_of_strcpy                   text11       001470
__end_of_strlen                   text15       001400
__end_of_write_command            text26       0015C2
__end_of_write_data               text25       0015B2
__initialization                  cinit        001030
__mediumconst                     mediumconst  00FDCE
__pbssBANK0                       bssBANK0     0000BF
__pbssCOMRAM                      bssCOMRAM    00005C
__pcinit                          cinit        001030
__pcstackBANK0                    cstackBANK0  0000DE
__pcstackCOMRAM                   cstackCOMRAM 000001
__pdataBANK0                      dataBANK0    000080
__pdataBANK1                      dataBANK1    000100
__pdataCOMRAM                     dataCOMRAM   000047
__pidataBANK0                     idataBANK0   001382
__pidataBANK1                     idataBANK1   000E60
__pidataCOMRAM                    idataCOMRAM  001540
__pintcode                        intcode      000008
__pintcode_body                   intcode_body 0010B2
__pmediumconst                    mediumconst  00FDCE
__ptext0                          text0        00001C
__ptext1                          text1        00028C
__ptext10                         text10       000F08
__ptext11                         text11       00143E
__ptext12                         text12       0014F2
__ptext13                         text13       000D84
__ptext14                         text14       000B88
__ptext15                         text15       0013C2
__ptext16                         text16       0007EA
__ptext17                         text17       001338
__ptext18                         text18       000FA8
__ptext19                         text19       001470
__ptext2                          text2        0015C2
__ptext20                         text20       00129E
__ptext21                         text21       0014A0
__ptext22                         text22       000C92
__ptext23                         text23       001400
__ptext24                         text24       000A78
__ptext25                         text25       0015A2
__ptext26                         text26       0015B2
__ptext27                         text27       001556
__ptext28                         text28       00157E
__ptext29                         text29       00124C
__ptext3                          text3        0012EC
__ptext30                         text30       0014CA
__ptext31                         text31       00156A
__ptext32                         text32       00112E
__ptext33                         text33       001528
__ptext34                         text34       0015F6
__ptext35                         text35       0015E6
__ptext36                         text36       001590
__ptext38                         text38       0015D0
__ptext39                         text39       00064C
__ptext4                          text4        00119E
__ptext40                         text40       0015EE
__ptext5                          text5        0011FA
__ptext6                          text6        000940
__ptext7                          text7        00049E
__ptext8                          text8        0015DC
__ptext9                          text9        00150E
__ramtop                          ramtop       001000
__size_of_Activate_Buzzer         (abs)        000000
__size_of_Deactivate_Buzzer       (abs)        000000
__size_of_Enable_INT_Interrupt    (abs)        000000
__size_of_INTx_isr                (abs)        000000
__size_of_Init_Interrupt          (abs)        000000
__size_of_Init_UART               (abs)        000000
__size_of_Initialize_LCD_Screen   (abs)        000000
__size_of_LCD_Reset               (abs)        000000
__size_of_OpenUSART               (abs)        000000
__size_of_Rcmd1                   (abs)        000000
__size_of_Rcmd2red                (abs)        000000
__size_of_Rcmd3                   (abs)        000000
__size_of_Reset_Nec_State         (abs)        000000
__size_of_TFT_GreenTab_Initialize (abs)        000000
__size_of_TIMER1_isr              (abs)        000000
__size_of_Wait_Half_Second        (abs)        000000
__size_of_Wait_One_Sec            (abs)        000000
__size_of___lwdiv                 (abs)        000000
__size_of___lwmod                 (abs)        000000
__size_of___wmul                  (abs)        000000
__size_of_chkisr                  (abs)        000000
__size_of_delay_ms                (abs)        000000
__size_of_drawChar                (abs)        000000
__size_of_drawCircle              (abs)        000000
__size_of_drawFastVLine           (abs)        000000
__size_of_drawPixel               (abs)        000000
__size_of_drawtext                (abs)        000000
__size_of_fillCircle              (abs)        000000
__size_of_fillCircleHelper        (abs)        000000
__size_of_fillRect                (abs)        000000
__size_of_fillRectangle           (abs)        000000
__size_of_fillScreen              (abs)        000000
__size_of_main                    (abs)        000000
__size_of_printf                  (abs)        000000
__size_of_putch                   (abs)        000000
__size_of_setAddrWindow           (abs)        000000
__size_of_spiwrite                (abs)        000000
__size_of_strcpy                  (abs)        000000
__size_of_strlen                  (abs)        000000
__size_of_write_command           (abs)        000000
__size_of_write_data              (abs)        000000
__smallconst                      smallconst   000000
__tft_type                        bssCOMRAM    00006A
_array1                           dataBANK0    0000AA
_bit_count                        bssCOMRAM    00006B
_buffer                           bssBANK0     0000BF
_chkisr                           intcode      000008
_color                            dataBANK0    000080
_color2                           dataBANK1    000100
_colstart                         bssCOMRAM    00006C
_delay_ms                         text29       00124C
_dpowers                          mediumconst  00FFAA
_drawChar                         text16       0007EA
_drawCircle                       text7        00049E
_drawFastVLine                    text18       000FA8
_drawPixel                        text19       001470
_drawtext                         text14       000B88
_fillCircle                       text5        0011FA
_fillCircleHelper                 text6        000940
_fillRect                         text17       001338
_fillRectangle                    text13       000D84
_fillScreen                       text12       0014F2
_font                             mediumconst  00FDCF
_font2                            mediumconst  00FECE
_hexpowers                        mediumconst  00FFB4
_main                             text0        00001C
_nRBPU                            (abs)        007F8F
_nbr                              bssCOMRAM    000064
_nums                             dataBANK1    00012A
_off                              dataCOMRAM   00004D
_portE_mask                       dataCOMRAM   000050
_printf                           text1        00028C
_putch                            text2        0015C2
_rowstart                         bssCOMRAM    00006D
_setAddrWindow                    text20       00129E
_spiwrite                         text27       001556
_strcpy                           text11       00143E
_strlen                           text15       0013C2
_txt                              bssCOMRAM    000066
_txt1                             dataBANK1    000154
_wrap                             dataCOMRAM   000051
_write_command                    text26       0015B2
_write_data                       text25       0015A2
delay_ms@count                    cstackCOMRAM 00001B
delay_ms@ms                       cstackCOMRAM 000017
drawChar@bg                       cstackCOMRAM 000032
drawChar@c                        cstackCOMRAM 00002F
drawChar@color                    cstackCOMRAM 000030
drawChar@i                        cstackCOMRAM 000038
drawChar@j                        cstackCOMRAM 000037
drawChar@line                     cstackCOMRAM 000035
drawChar@size                     cstackCOMRAM 000034
drawChar@x                        cstackCOMRAM 000036
drawChar@y                        cstackCOMRAM 00002E
drawCircle@color                  cstackCOMRAM 000022
drawCircle@ddF_x                  cstackCOMRAM 000026
drawCircle@ddF_y                  cstackCOMRAM 000028
drawCircle@f                      cstackCOMRAM 00002A
drawCircle@r                      cstackCOMRAM 000020
drawCircle@x                      cstackCOMRAM 00002C
drawCircle@x0                     cstackCOMRAM 00001C
drawCircle@y                      cstackCOMRAM 00002E
drawCircle@y0                     cstackCOMRAM 00001E
drawFastVLine@color               cstackCOMRAM 00001A
drawFastVLine@h                   cstackCOMRAM 000019
drawFastVLine@hi                  cstackCOMRAM 000020
drawFastVLine@lo                  cstackCOMRAM 000021
drawFastVLine@x                   cstackCOMRAM 000022
drawFastVLine@y                   cstackCOMRAM 000018
drawPixel@color                   cstackCOMRAM 000019
drawPixel@x                       cstackCOMRAM 00001B
drawPixel@y                       cstackCOMRAM 000018
drawtext@_text                    cstackCOMRAM 00003A
drawtext@bg                       cstackCOMRAM 00003E
drawtext@color                    cstackCOMRAM 00003C
drawtext@cursor_x                 cstackBANK0  0000E4
drawtext@cursor_y                 cstackBANK0  0000E3
drawtext@i                        cstackBANK0  0000E1
drawtext@size                     cstackCOMRAM 000040
drawtext@textsize                 cstackBANK0  0000DF
drawtext@x                        cstackBANK0  0000DE
drawtext@y                        cstackCOMRAM 000039
end_of_initialization             cinit        0010A8
fillCircle@color                  cstackCOMRAM 000041
fillCircle@r                      cstackCOMRAM 00003F
fillCircle@x0                     cstackCOMRAM 00003B
fillCircle@y0                     cstackCOMRAM 00003D
fillCircleHelper@color            cstackCOMRAM 00002D
fillCircleHelper@cornername       cstackCOMRAM 000029
fillCircleHelper@ddF_x            cstackCOMRAM 000031
fillCircleHelper@ddF_y            cstackCOMRAM 000033
fillCircleHelper@delta            cstackCOMRAM 00002B
fillCircleHelper@f                cstackCOMRAM 000035
fillCircleHelper@r                cstackCOMRAM 000027
fillCircleHelper@x                cstackCOMRAM 000037
fillCircleHelper@x0               cstackCOMRAM 000023
fillCircleHelper@y                cstackCOMRAM 000039
fillCircleHelper@y0               cstackCOMRAM 000025
fillRect@color                    cstackCOMRAM 000026
fillRect@h                        cstackCOMRAM 000025
fillRect@i                        cstackCOMRAM 00002C
fillRect@w                        cstackCOMRAM 000024
fillRect@x                        cstackCOMRAM 00002B
fillRect@y                        cstackCOMRAM 000023
fillRectangle@color               cstackCOMRAM 00001B
fillRectangle@h                   cstackCOMRAM 00001A
fillRectangle@hi                  cstackCOMRAM 000021
fillRectangle@lo                  cstackCOMRAM 000022
fillRectangle@w                   cstackCOMRAM 000019
fillRectangle@x                   cstackCOMRAM 000023
fillRectangle@y                   cstackCOMRAM 000018
fillScreen@color                  cstackCOMRAM 000024
int_func                          intcode_body 0010B2
intlevel0                         text         000000
intlevel1                         text         000000
intlevel2                         text         000000
intlevel3                         text         000000
main@LED_Sel                      cstackCOMRAM 000045
main@found                        cstackCOMRAM 000046
main@i                            cstackCOMRAM 000043
printf@ap                         cstackCOMRAM 000023
printf@c                          cstackCOMRAM 000029
printf@f                          cstackCOMRAM 00001D
printf@flag                       cstackCOMRAM 000026
printf@idx                        cstackCOMRAM 000022
printf@prec                       cstackCOMRAM 000025
printf@val                        cstackCOMRAM 000027
putch@c                           cstackCOMRAM 000011
setAddrWindow@x0                  cstackCOMRAM 000017
setAddrWindow@x1                  cstackCOMRAM 000015
setAddrWindow@y0                  cstackCOMRAM 000014
setAddrWindow@y1                  cstackCOMRAM 000016
spiwrite@spidata                  cstackCOMRAM 000012
spiwrite@x                        cstackCOMRAM 000011
stackhi                           (abs)        000F7F
stacklo                           (abs)        0001A8
start                             init         000018
start_initialization              cinit        001030
strcpy@cp                         cstackCOMRAM 000015
strcpy@from                       cstackCOMRAM 000013
strcpy@to                         cstackCOMRAM 000011
strlen@cp                         cstackCOMRAM 000015
strlen@s                          cstackCOMRAM 000011
write_command@cmd_                cstackCOMRAM 000013
write_data@data_                  cstackCOMRAM 000013


FUNCTION INFORMATION:

 *************** function _main *****************
 Defined at:
		line 41 in file "F25_Lab10_S1_sample.c"
 Parameters:    Size  Location     Type
		None
 Auto vars:     Size  Location     Type
  LED_Sel         1   68[COMRAM] unsigned char 
  i               2   66[COMRAM] int 
  found           1   69[COMRAM] unsigned char 
 Return value:  Size  Location     Type
		None               void
 Registers used:
		wreg, fsr1l, fsr1h, fsr2l, fsr2h, status,2, status,0, tblptrl, tblptrh, tblptru, prodl, prodh, cstack
 Tracked objects:
		On entry : 
		On exit  : 
		Unchanged: 
 Data sizes:     COMRAM   BANK0   BANK1   BANK2   BANK3   BANK4   BANK5   BANK6   BANK7   BANK8   BANK9  BANK10  BANK11  BANK12  BANK13  BANK14  BANK15
      Params:         0       0       0       0       0       0       0       0       0       0       0       0       0       0       0       0       0
      Locals:         4       0       0       0       0       0       0       0       0       0       0       0       0       0       0       0       0
      Temps:          0       9       0       0       0       0       0       0       0       0       0       0       0       0       0       0       0
      Totals:         4       9       0       0       0       0       0       0       0       0       0       0       0       0       0       0       0
Total ram usage:       13 bytes
 Hardware stack levels required when called:   11
 This function calls:
		_Activate_Buzzer
		_Deactivate_Buzzer
		_Enable_INT_Interrupt
		_Init_Interrupt
		_Init_UART
		_Initialize_LCD_Screen
		_Wait_One_Sec
		_drawCircle
		_drawtext
		_fillCircle
		_printf
 This function is called by:
		Startup code after reset
 This function uses a non-reentrant model


 *************** function _printf *****************
 Defined at:
		line 464 in file "C:\Program Files (x86)\Microchip\xc8\v1.34\sources\common\doprnt.c"
 Parameters:    Size  Location     Type
  f               2   28[COMRAM] PTR const unsigned char 
		 -> STR_3(22), STR_2(19), 
 Auto vars:     Size  Location     Type
  idx             1   33[COMRAM] unsigned char 
  tmpval          4    0        struct .
  cp              3    0        PTR const unsigned char 
  val             2   38[COMRAM] unsigned int 
  ap              2   34[COMRAM] PTR void [1]
		 -> ?_printf(2), 
  len             2    0        unsigned int 
  c               1   40[COMRAM] char 
  flag            1   37[COMRAM] unsigned char 
  prec            1   36[COMRAM] char 
 Return value:  Size  Location     Type
                  2   28[COMRAM] int 
 Registers used:
		wreg, fsr2l, fsr2h, status,2, status,0, tblptrl, tblptrh, tblptru, prodl, prodh, cstack
 Tracked objects:
		On entry : 
		On exit  : 
		Unchanged: 
 Data sizes:     COMRAM   BANK0   BANK1   BANK2   BANK3   BANK4   BANK5   BANK6   BANK7   BANK8   BANK9  BANK10  BANK11  BANK12  BANK13  BANK14  BANK15
      Params:         4       0       0       0       0       0       0       0       0       0       0       0       0       0       0       0       0
      Locals:         8       0       0       0       0       0       0       0       0       0       0       0       0       0       0       0       0
      Temps:          1       0       0       0       0       0       0       0       0       0       0       0       0       0       0       0       0
      Totals:        13       0       0       0       0       0       0       0       0       0       0       0       0       0       0       0       0
Total ram usage:       13 bytes
 Hardware stack levels used:    1
 Hardware stack levels required when called:    4
 This function calls:
		___lwdiv
		___lwmod
		_putch
 This function is called by:
		_main
 This function uses a non-reentrant model


 *************** function _putch *****************
 Defined at:
		line 33 in file "utils.c"
 Parameters:    Size  Location     Type
  c               1    wreg     unsigned char 
 Auto vars:     Size  Location     Type
  c               1   16[COMRAM] unsigned char 
 Return value:  Size  Location     Type
		None               void
 Registers used:
		wreg
 Tracked objects:
		On entry : 
		On exit  : 
		Unchanged: 
 Data sizes:     COMRAM   BANK0   BANK1   BANK2   BANK3   BANK4   BANK5   BANK6   BANK7   BANK8   BANK9  BANK10  BANK11  BANK12  BANK13  BANK14  BANK15
      Params:         0       0       0       0       0       0       0       0       0       0       0       0       0       0       0       0       0
      Locals:         1       0       0       0       0       0       0       0       0       0       0       0       0       0       0       0       0
      Temps:          0       0       0       0       0       0       0       0       0       0       0       0       0       0       0       0       0
      Totals:         1       0       0       0       0       0       0       0       0       0       0       0       0       0       0       0       0
Total ram usage:        1 bytes
 Hardware stack levels used:    1
 Hardware stack levels required when called:    3
 This function calls:
		Nothing
 This function is called by:
		_printf
 This function uses a non-reentrant model


 *************** function ___lwmod *****************
 Defined at:
		line 8 in file "C:\Program Files (x86)\Microchip\xc8\v1.34\sources\common\lwmod.c"
 Parameters:    Size  Location     Type
  dividend        2   23[COMRAM] unsigned int 
  divisor         2   25[COMRAM] unsigned int 
 Auto vars:     Size  Location     Type
  counter         1   27[COMRAM] unsigned char 
 Return value:  Size  Location     Type
                  2   23[COMRAM] unsigned int 
 Registers used:
		wreg, status,2, status,0
 Tracked objects:
		On entry : 
		On exit  : 
		Unchanged: 
 Data sizes:     COMRAM   BANK0   BANK1   BANK2   BANK3   BANK4   BANK5   BANK6   BANK7   BANK8   BANK9  BANK10  BANK11  BANK12  BANK13  BANK14  BANK15
      Params:         4       0       0       0       0       0       0       0       0       0       0       0       0       0       0       0       0
      Locals:         1       0       0       0       0       0       0       0       0       0       0       0       0       0       0       0       0
      Temps:          0       0       0       0       0       0       0       0       0       0       0       0       0       0       0       0       0
      Totals:         5       0       0       0       0       0       0       0       0       0       0       0       0       0       0       0       0
Total ram usage:        5 bytes
 Hardware stack levels used:    1
 Hardware stack levels required when called:    3
 This function calls:
		Nothing
 This function is called by:
		_printf
 This function uses a non-reentrant model


 *************** function ___lwdiv *****************
 Defined at:
		line 8 in file "C:\Program Files (x86)\Microchip\xc8\v1.34\sources\common\lwdiv.c"
 Parameters:    Size  Location     Type
  dividend        2   16[COMRAM] unsigned int 
  divisor         2   18[COMRAM] unsigned int 
 Auto vars:     Size  Location     Type
  quotient        2   20[COMRAM] unsigned int 
  counter         1   22[COMRAM] unsigned char 
 Return value:  Size  Location     Type
                  2   16[COMRAM] unsigned int 
 Registers used:
		wreg, status,2, status,0
 Tracked objects:
		On entry : 
		On exit  : 
		Unchanged: 
 Data sizes:     COMRAM   BANK0   BANK1   BANK2   BANK3   BANK4   BANK5   BANK6   BANK7   BANK8   BANK9  BANK10  BANK11  BANK12  BANK13  BANK14  BANK15
      Params:         4       0       0       0       0       0       0       0       0       0       0       0       0       0       0       0       0
      Locals:         3       0       0       0       0       0       0       0       0       0       0       0       0       0       0       0       0
      Temps:          0       0       0       0       0       0       0       0       0       0       0       0       0       0       0       0       0
      Totals:         7       0       0       0       0       0       0       0       0       0       0       0       0       0       0       0       0
Total ram usage:        7 bytes
 Hardware stack levels used:    1
 Hardware stack levels required when called:    3
 This function calls:
		Nothing
 This function is called by:
		_printf
 This function uses a non-reentrant model


 *************** function _fillCircle *****************
 Defined at:
		line 561 in file "ST7735_TFT.c"
 Parameters:    Size  Location     Type
  x0              2   58[COMRAM] int 
  y0              2   60[COMRAM] int 
  r               2   62[COMRAM] int 
  color           2   64[COMRAM] unsigned int 
 Auto vars:     Size  Location     Type
		None
 Return value:  Size  Location     Type
		None               void
 Registers used:
		wreg, status,2, status,0, cstack
 Tracked objects:
		On entry : 
		On exit  : 
		Unchanged: 
 Data sizes:     COMRAM   BANK0   BANK1   BANK2   BANK3   BANK4   BANK5   BANK6   BANK7   BANK8   BANK9  BANK10  BANK11  BANK12  BANK13  BANK14  BANK15
      Params:         8       0       0       0       0       0       0       0       0       0       0       0       0       0       0       0       0
      Locals:         0       0       0       0       0       0       0       0       0       0       0       0       0       0       0       0       0
      Temps:          0       0       0       0       0       0       0       0       0       0       0       0       0       0       0       0       0
      Totals:         8       0       0       0       0       0       0       0       0       0       0       0       0       0       0       0       0
Total ram usage:        8 bytes
 Hardware stack levels used:    1
 Hardware stack levels required when called:    8
 This function calls:
		_drawFastVLine
		_fillCircleHelper
 This function is called by:
		_main
 This function uses a non-reentrant model


 *************** function _fillCircleHelper *****************
 Defined at:
		line 536 in file "ST7735_TFT.c"
 Parameters:    Size  Location     Type
  x0              2   34[COMRAM] int 
  y0              2   36[COMRAM] int 
  r               2   38[COMRAM] int 
  cornername      2   40[COMRAM] unsigned int 
  delta           2   42[COMRAM] int 
  color           2   44[COMRAM] unsigned int 
 Auto vars:     Size  Location     Type
  y               2   56[COMRAM] int 
  x               2   54[COMRAM] int 
  f               2   52[COMRAM] int 
  ddF_y           2   50[COMRAM] int 
  ddF_x           2   48[COMRAM] int 
 Return value:  Size  Location     Type
		None               void
 Registers used:
		wreg, status,2, status,0, cstack
 Tracked objects:
		On entry : 
		On exit  : 
		Unchanged: 
 Data sizes:     COMRAM   BANK0   BANK1   BANK2   BANK3   BANK4   BANK5   BANK6   BANK7   BANK8   BANK9  BANK10  BANK11  BANK12  BANK13  BANK14  BANK15
      Params:        12       0       0       0       0       0       0       0       0       0       0       0       0       0       0       0       0
      Locals:        10       0       0       0       0       0       0       0       0       0       0       0       0       0       0       0       0
      Temps:          2       0       0       0       0       0       0       0       0       0       0       0       0       0       0       0       0
      Totals:        24       0       0       0       0       0       0       0       0       0       0       0       0       0       0       0       0
Total ram usage:       24 bytes
 Hardware stack levels used:    1
 Hardware stack levels required when called:    7
 This function calls:
		_drawFastVLine
 This function is called by:
		_fillCircle
 This function uses a non-reentrant model


 *************** function _drawCircle *****************
 Defined at:
		line 475 in file "ST7735_TFT.c"
 Parameters:    Size  Location     Type
  x0              2   27[COMRAM] int 
  y0              2   29[COMRAM] int 
  r               2   31[COMRAM] int 
  color           2   33[COMRAM] unsigned int 
 Auto vars:     Size  Location     Type
  y               2   45[COMRAM] int 
  x               2   43[COMRAM] int 
  f               2   41[COMRAM] int 
  ddF_y           2   39[COMRAM] int 
  ddF_x           2   37[COMRAM] int 
 Return value:  Size  Location     Type
		None               void
 Registers used:
		wreg, status,2, status,0, cstack
 Tracked objects:
		On entry : 
		On exit  : 
		Unchanged: 
 Data sizes:     COMRAM   BANK0   BANK1   BANK2   BANK3   BANK4   BANK5   BANK6   BANK7   BANK8   BANK9  BANK10  BANK11  BANK12  BANK13  BANK14  BANK15
      Params:         8       0       0       0       0       0       0       0       0       0       0       0       0       0       0       0       0
      Locals:        10       0       0       0       0       0       0       0       0       0       0       0       0       0       0       0       0
      Temps:          2       0       0       0       0       0       0       0       0       0       0       0       0       0       0       0       0
      Totals:        20       0       0       0       0       0       0       0       0       0       0       0       0       0       0       0       0
Total ram usage:       20 bytes
 Hardware stack levels used:    1
 Hardware stack levels required when called:    7
 This function calls:
		_drawPixel
 This function is called by:
		_main
 This function uses a non-reentrant model


 *************** function _Wait_One_Sec *****************
 Defined at:
		line 39 in file "utils.c"
 Parameters:    Size  Location     Type
		None
 Auto vars:     Size  Location     Type
		None
 Return value:  Size  Location     Type
		None               void
 Registers used:
		wreg, status,2, cstack
 Tracked objects:
		On entry : 
		On exit  : 
		Unchanged: 
 Data sizes:     COMRAM   BANK0   BANK1   BANK2   BANK3   BANK4   BANK5   BANK6   BANK7   BANK8   BANK9  BANK10  BANK11  BANK12  BANK13  BANK14  BANK15
      Params:         0       0       0       0       0       0       0       0       0       0       0       0       0       0       0       0       0
      Locals:         0       0       0       0       0       0       0       0       0       0       0       0       0       0       0       0       0
      Temps:          0       0       0       0       0       0       0       0       0       0       0       0       0       0       0       0       0
      Totals:         0       0       0       0       0       0       0       0       0       0       0       0       0       0       0       0       0
Total ram usage:        0 bytes
 Hardware stack levels used:    1
 Hardware stack levels required when called:    4
 This function calls:
		_Wait_Half_Second
 This function is called by:
		_main
		_Do_Beep
 This function uses a non-reentrant model


 *************** function _Wait_Half_Second *****************
 Defined at:
		line 97 in file "utils.c"
 Parameters:    Size  Location     Type
		None
 Auto vars:     Size  Location     Type
		None
 Return value:  Size  Location     Type
		None               void
 Registers used:
		wreg, status,2
 Tracked objects:
		On entry : 
		On exit  : 
		Unchanged: 
 Data sizes:     COMRAM   BANK0   BANK1   BANK2   BANK3   BANK4   BANK5   BANK6   BANK7   BANK8   BANK9  BANK10  BANK11  BANK12  BANK13  BANK14  BANK15
      Params:         0       0       0       0       0       0       0       0       0       0       0       0       0       0       0       0       0
      Locals:         0       0       0       0       0       0       0       0       0       0       0       0       0       0       0       0       0
      Temps:          0       0       0       0       0       0       0       0       0       0       0       0       0       0       0       0       0
      Totals:         0       0       0       0       0       0       0       0       0       0       0       0       0       0       0       0       0
Total ram usage:        0 bytes
 Hardware stack levels used:    1
 Hardware stack levels required when called:    3
 This function calls:
		Nothing
 This function is called by:
		_Wait_One_Sec
 This function uses a non-reentrant model


 *************** function _Initialize_LCD_Screen *****************
 Defined at:
		line 22 in file "Main_Screen.c"
 Parameters:    Size  Location     Type
		None
 Auto vars:     Size  Location     Type
		None
 Return value:  Size  Location     Type
		None               void
 Registers used:
		wreg, fsr2l, fsr2h, status,2, status,0, tblptrl, tblptrh, tblptru, prodl, prodh, cstack
 Tracked objects:
		On entry : 
		On exit  : 
		Unchanged: 
 Data sizes:     COMRAM   BANK0   BANK1   BANK2   BANK3   BANK4   BANK5   BANK6   BANK7   BANK8   BANK9  BANK10  BANK11  BANK12  BANK13  BANK14  BANK15
      Params:         0       0       0       0       0       0       0       0       0       0       0       0       0       0       0       0       0
      Locals:         0       0       0       0       0       0       0       0       0       0       0       0       0       0       0       0       0
      Temps:          0       0       0       0       0       0       0       0       0       0       0       0       0       0       0       0       0
      Totals:         0       0       0       0       0       0       0       0       0       0       0       0       0       0       0       0       0
Total ram usage:        0 bytes
 Hardware stack levels used:    1
 Hardware stack levels required when called:   10
 This function calls:
		_LCD_Reset
		_TFT_GreenTab_Initialize
		_drawtext
		_fillScreen
		_strcpy
 This function is called by:
		_main
 This function uses a non-reentrant model


 *************** function _strcpy *****************
 Defined at:
		line 8 in file "C:\Program Files (x86)\Microchip\xc8\v1.34\sources\common\strcpy.c"
 Parameters:    Size  Location     Type
  to              2   16[COMRAM] PTR unsigned char 
		 -> NULL(0), buffer(31), 
  from            2   18[COMRAM] PTR const unsigned char 
		 -> STR_1(8), 
 Auto vars:     Size  Location     Type
  cp              2   20[COMRAM] PTR unsigned char 
		 -> NULL(0), buffer(31), 
 Return value:  Size  Location     Type
                  2   16[COMRAM] PTR unsigned char 
 Registers used:
		wreg, fsr2l, fsr2h, status,2, status,0, tblptrl, tblptrh, tblptru
 Tracked objects:
		On entry : 
		On exit  : 
		Unchanged: 
 Data sizes:     COMRAM   BANK0   BANK1   BANK2   BANK3   BANK4   BANK5   BANK6   BANK7   BANK8   BANK9  BANK10  BANK11  BANK12  BANK13  BANK14  BANK15
      Params:         4       0       0       0       0       0       0       0       0       0       0       0       0       0       0       0       0
      Locals:         2       0       0       0       0       0       0       0       0       0       0       0       0       0       0       0       0
      Temps:          0       0       0       0       0       0       0       0       0       0       0       0       0       0       0       0       0
      Totals:         6       0       0       0       0       0       0       0       0       0       0       0       0       0       0       0       0
Total ram usage:        6 bytes
 Hardware stack levels used:    1
 Hardware stack levels required when called:    3
 This function calls:
		Nothing
 This function is called by:
		_Initialize_LCD_Screen
 This function uses a non-reentrant model


 *************** function _fillScreen *****************
 Defined at:
		line 566 in file "ST7735_TFT.c"
 Parameters:    Size  Location     Type
  color           2   35[COMRAM] unsigned int 
 Auto vars:     Size  Location     Type
		None
 Return value:  Size  Location     Type
		None               void
 Registers used:
		wreg, status,2, status,0, cstack
 Tracked objects:
		On entry : 
		On exit  : 
		Unchanged: 
 Data sizes:     COMRAM   BANK0   BANK1   BANK2   BANK3   BANK4   BANK5   BANK6   BANK7   BANK8   BANK9  BANK10  BANK11  BANK12  BANK13  BANK14  BANK15
      Params:         2       0       0       0       0       0       0       0       0       0       0       0       0       0       0       0       0
      Locals:         0       0       0       0       0       0       0       0       0       0       0       0       0       0       0       0       0
      Temps:          0       0       0       0       0       0       0       0       0       0       0       0       0       0       0       0       0
      Totals:         2       0       0       0       0       0       0       0       0       0       0       0       0       0       0       0       0
Total ram usage:        2 bytes
 Hardware stack levels used:    1
 Hardware stack levels required when called:    7
 This function calls:
		_fillRectangle
 This function is called by:
		_Initialize_LCD_Screen
 This function uses a non-reentrant model


 *************** function _fillRectangle *****************
 Defined at:
		line 450 in file "ST7735_TFT.c"
 Parameters:    Size  Location     Type
  x               1    wreg     unsigned char 
  y               1   23[COMRAM] unsigned char 
  w               1   24[COMRAM] unsigned char 
  h               1   25[COMRAM] unsigned char 
  color           2   26[COMRAM] unsigned int 
 Auto vars:     Size  Location     Type
  x               1   34[COMRAM] unsigned char 
  lo              1   33[COMRAM] unsigned char 
  hi              1   32[COMRAM] unsigned char 
 Return value:  Size  Location     Type
		None               void
 Registers used:
		wreg, status,2, status,0, cstack
 Tracked objects:
		On entry : 
		On exit  : 
		Unchanged: 
 Data sizes:     COMRAM   BANK0   BANK1   BANK2   BANK3   BANK4   BANK5   BANK6   BANK7   BANK8   BANK9  BANK10  BANK11  BANK12  BANK13  BANK14  BANK15
      Params:         5       0       0       0       0       0       0       0       0       0       0       0       0       0       0       0       0
      Locals:         3       0       0       0       0       0       0       0       0       0       0       0       0       0       0       0       0
      Temps:          4       0       0       0       0       0       0       0       0       0       0       0       0       0       0       0       0
      Totals:        12       0       0       0       0       0       0       0       0       0       0       0       0       0       0       0       0
Total ram usage:       12 bytes
 Hardware stack levels used:    1
 Hardware stack levels required when called:    6
 This function calls:
		_setAddrWindow
		_spiwrite
 This function is called by:
		_fillScreen
 This function uses a non-reentrant model


 *************** function _drawtext *****************
 Defined at:
		line 421 in file "ST7735_TFT.c"
 Parameters:    Size  Location     Type
  x               1    wreg     unsigned char 
  y               1   56[COMRAM] unsigned char 
  _text           2   57[COMRAM] PTR unsigned char 
		 -> NULL(0), txt1(84), Timing_Txt(10), buffer(31), 
  color           2   59[COMRAM] unsigned int 
  bg              2   61[COMRAM] unsigned int 
  size            1   63[COMRAM] unsigned char 
 Auto vars:     Size  Location     Type
  x               1    0[BANK0 ] unsigned char 
  i               2    3[BANK0 ] unsigned int 
  textsize        2    1[BANK0 ] unsigned int 
  cursor_x        1    6[BANK0 ] unsigned char 
  cursor_y        1    5[BANK0 ] unsigned char 
 Return value:  Size  Location     Type
		None               void
 Registers used:
		wreg, fsr2l, fsr2h, status,2, status,0, tblptrl, tblptrh, tblptru, prodl, prodh, cstack
 Tracked objects:
		On entry : 
		On exit  : 
		Unchanged: 
 Data sizes:     COMRAM   BANK0   BANK1   BANK2   BANK3   BANK4   BANK5   BANK6   BANK7   BANK8   BANK9  BANK10  BANK11  BANK12  BANK13  BANK14  BANK15
      Params:         8       0       0       0       0       0       0       0       0       0       0       0       0       0       0       0       0
      Locals:         0       7       0       0       0       0       0       0       0       0       0       0       0       0       0       0       0
      Temps:          2       0       0       0       0       0       0       0       0       0       0       0       0       0       0       0       0
      Totals:        10       7       0       0       0       0       0       0       0       0       0       0       0       0       0       0       0
Total ram usage:       17 bytes
 Hardware stack levels used:    1
 Hardware stack levels required when called:    9
 This function calls:
		_drawChar
		_strlen
 This function is called by:
		_Initialize_LCD_Screen
		_main
 This function uses a non-reentrant model


 *************** function _strlen *****************
 Defined at:
		line 4 in file "C:\Program Files (x86)\Microchip\xc8\v1.34\sources\common\strlen.c"
 Parameters:    Size  Location     Type
  s               2   16[COMRAM] PTR const unsigned char 
		 -> NULL(0), txt1(84), Timing_Txt(10), buffer(31), 
 Auto vars:     Size  Location     Type
  cp              2   20[COMRAM] PTR const unsigned char 
		 -> NULL(0), txt1(84), Timing_Txt(10), buffer(31), 
 Return value:  Size  Location     Type
                  2   16[COMRAM] unsigned int 
 Registers used:
		wreg, fsr2l, fsr2h, status,2, status,0
 Tracked objects:
		On entry : 
		On exit  : 
		Unchanged: 
 Data sizes:     COMRAM   BANK0   BANK1   BANK2   BANK3   BANK4   BANK5   BANK6   BANK7   BANK8   BANK9  BANK10  BANK11  BANK12  BANK13  BANK14  BANK15
      Params:         2       0       0       0       0       0       0       0       0       0       0       0       0       0       0       0       0
      Locals:         2       0       0       0       0       0       0       0       0       0       0       0       0       0       0       0       0
      Temps:          2       0       0       0       0       0       0       0       0       0       0       0       0       0       0       0       0
      Totals:         6       0       0       0       0       0       0       0       0       0       0       0       0       0       0       0       0
Total ram usage:        6 bytes
 Hardware stack levels used:    1
 Hardware stack levels required when called:    3
 This function calls:
		Nothing
 This function is called by:
		_drawtext
 This function uses a non-reentrant model


 *************** function _drawChar *****************
 Defined at:
		line 394 in file "ST7735_TFT.c"
 Parameters:    Size  Location     Type
  x               1    wreg     unsigned char 
  y               1   45[COMRAM] unsigned char 
  c               1   46[COMRAM] unsigned char 
  color           2   47[COMRAM] unsigned int 
  bg              2   49[COMRAM] unsigned int 
  size            1   51[COMRAM] unsigned char 
 Auto vars:     Size  Location     Type
  x               1   53[COMRAM] unsigned char 
  line            1   52[COMRAM] unsigned char 
  i               1   55[COMRAM] unsigned char 
  j               1   54[COMRAM] unsigned char 
 Return value:  Size  Location     Type
		None               void
 Registers used:
		wreg, status,2, status,0, tblptrl, tblptrh, tblptru, prodl, prodh, cstack
 Tracked objects:
		On entry : 
		On exit  : 
		Unchanged: 
 Data sizes:     COMRAM   BANK0   BANK1   BANK2   BANK3   BANK4   BANK5   BANK6   BANK7   BANK8   BANK9  BANK10  BANK11  BANK12  BANK13  BANK14  BANK15
      Params:         7       0       0       0       0       0       0       0       0       0       0       0       0       0       0       0       0
      Locals:         4       0       0       0       0       0       0       0       0       0       0       0       0       0       0       0       0
      Temps:          0       0       0       0       0       0       0       0       0       0       0       0       0       0       0       0       0
      Totals:        11       0       0       0       0       0       0       0       0       0       0       0       0       0       0       0       0
Total ram usage:       11 bytes
 Hardware stack levels used:    1
 Hardware stack levels required when called:    8
 This function calls:
		___wmul
		_drawPixel
		_fillRect
 This function is called by:
		_drawtext
 This function uses a non-reentrant model


 *************** function _fillRect *****************
 Defined at:
		line 384 in file "ST7735_TFT.c"
 Parameters:    Size  Location     Type
  x               1    wreg     unsigned char 
  y               1   34[COMRAM] unsigned char 
  w               1   35[COMRAM] unsigned char 
  h               1   36[COMRAM] unsigned char 
  color           2   37[COMRAM] unsigned int 
 Auto vars:     Size  Location     Type
  x               1   42[COMRAM] unsigned char 
  i               2   43[COMRAM] int 
 Return value:  Size  Location     Type
		None               void
 Registers used:
		wreg, status,2, status,0, cstack
 Tracked objects:
		On entry : 
		On exit  : 
		Unchanged: 
 Data sizes:     COMRAM   BANK0   BANK1   BANK2   BANK3   BANK4   BANK5   BANK6   BANK7   BANK8   BANK9  BANK10  BANK11  BANK12  BANK13  BANK14  BANK15
      Params:         5       0       0       0       0       0       0       0       0       0       0       0       0       0       0       0       0
      Locals:         3       0       0       0       0       0       0       0       0       0       0       0       0       0       0       0       0
      Temps:          3       0       0       0       0       0       0       0       0       0       0       0       0       0       0       0       0
[...]
 Tracked objects:
		On entry : 
		On exit  : 
		Unchanged: 
 Data sizes:     COMRAM   BANK0   BANK1   BANK2   BANK3   BANK4   BANK5   BANK6   BANK7   BANK8   BANK9  BANK10  BANK11  BANK12  BANK13  BANK14  BANK15
      Params:         2       0       0       0       0       0       0       0       0       0       0       0       0       0       0       0       0
      Locals:         2       0       0       0       0       0       0       0       0       0       0       0       0       0       0       0       0
      Temps:          2       0       0       0       0       0       0       0       0       0       0       0       0       0       0       0       0
      Totals:         6       0       0       0       0       0       0       0       0       0       0       0       0       0       0       0       0
Total ram usage:        6 bytes
 Hardware stack levels used:    1
 Hardware stack levels required when called:    4
 This function calls:
		___wmul
 This function is called by:
		_LCD_Reset
		_Rcmd1
		_Rcmd3
		_Bcmd
 This function uses a non-reentrant model


 *************** function ___wmul *****************
 Defined at:
		line 15 in file "C:\Program Files (x86)\Microchip\xc8\v1.34\sources\common\Umul16.c"
 Parameters:    Size  Location     Type
  multiplier      2   16[COMRAM] unsigned int 
  multiplicand    2   18[COMRAM] unsigned int 
 Auto vars:     Size  Location     Type
  product         2   20[COMRAM] unsigned int 
 Return value:  Size  Location     Type
                  2   16[COMRAM] unsigned int 
 Registers used:
		wreg, status,2, status,0, prodl, prodh
 Tracked objects:
		On entry : 
		On exit  : 
		Unchanged: 
 Data sizes:     COMRAM   BANK0   BANK1   BANK2   BANK3   BANK4   BANK5   BANK6   BANK7   BANK8   BANK9  BANK10  BANK11  BANK12  BANK13  BANK14  BANK15
      Params:         4       0       0       0       0       0       0       0       0       0       0       0       0       0       0       0       0
      Locals:         2       0       0       0       0       0       0       0       0       0       0       0       0       0       0       0       0
      Temps:          0       0       0       0       0       0       0       0       0       0       0       0       0       0       0       0       0
      Totals:         6       0       0       0       0       0       0       0       0       0       0       0       0       0       0       0       0
Total ram usage:        6 bytes
 Hardware stack levels used:    1
 Hardware stack levels required when called:    3
 This function calls:
		Nothing
 This function is called by:
		_delay_ms
		_drawChar
		_Read_Volt
 This function uses a non-reentrant model


 *************** function _Init_UART *****************
 Defined at:
		line 25 in file "utils.c"
 Parameters:    Size  Location     Type
		None
 Auto vars:     Size  Location     Type
		None
 Return value:  Size  Location     Type
		None               void
 Registers used:
		wreg, status,2, cstack
 Tracked objects:
		On entry : 
		On exit  : 
		Unchanged: 
 Data sizes:     COMRAM   BANK0   BANK1   BANK2   BANK3   BANK4   BANK5   BANK6   BANK7   BANK8   BANK9  BANK10  BANK11  BANK12  BANK13  BANK14  BANK15
      Params:         0       0       0       0       0       0       0       0       0       0       0       0       0       0       0       0       0
      Locals:         0       0       0       0       0       0       0       0       0       0       0       0       0       0       0       0       0
      Temps:          0       0       0       0       0       0       0       0       0       0       0       0       0       0       0       0       0
      Totals:         0       0       0       0       0       0       0       0       0       0       0       0       0       0       0       0       0
Total ram usage:        0 bytes
 Hardware stack levels used:    1
 Hardware stack levels required when called:    4
 This function calls:
		_OpenUSART
 This function is called by:
		_main
 This function uses a non-reentrant model


 *************** function _OpenUSART *****************
 Defined at:
		line 73 in file "C:\Program Files (x86)\Microchip\xc8\v1.34\sources\pic18\plib\USART\uopen.c"
 Parameters:    Size  Location     Type
  config          1    wreg     unsigned char 
  spbrg           2   16[COMRAM] unsigned int 
 Auto vars:     Size  Location     Type
  config          1   18[COMRAM] unsigned char 
 Return value:  Size  Location     Type
		None               void
 Registers used:
		wreg, status,2
 Tracked objects:
		On entry : 
		On exit  : 
		Unchanged: 
 Data sizes:     COMRAM   BANK0   BANK1   BANK2   BANK3   BANK4   BANK5   BANK6   BANK7   BANK8   BANK9  BANK10  BANK11  BANK12  BANK13  BANK14  BANK15
      Params:         2       0       0       0       0       0       0       0       0       0       0       0       0       0       0       0       0
      Locals:         1       0       0       0       0       0       0       0       0       0       0       0       0       0       0       0       0
      Temps:          0       0       0       0       0       0       0       0       0       0       0       0       0       0       0       0       0
      Totals:         3       0       0       0       0       0       0       0       0       0       0       0       0       0       0       0       0
Total ram usage:        3 bytes
 Hardware stack levels used:    1
 Hardware stack levels required when called:    3
 This function calls:
		Nothing
 This function is called by:
		_Init_UART
 This function uses a non-reentrant model


 *************** function _Init_Interrupt *****************
 Defined at:
		line 17 in file "Interrupt.c"
 Parameters:    Size  Location     Type
		None
 Auto vars:     Size  Location     Type
		None
 Return value:  Size  Location     Type
		None               void
 Registers used:
		wreg, status,2
 Tracked objects:
		On entry : 
		On exit  : 
		Unchanged: 
 Data sizes:     COMRAM   BANK0   BANK1   BANK2   BANK3   BANK4   BANK5   BANK6   BANK7   BANK8   BANK9  BANK10  BANK11  BANK12  BANK13  BANK14  BANK15
      Params:         0       0       0       0       0       0       0       0       0       0       0       0       0       0       0       0       0
      Locals:         0       0       0       0       0       0       0       0       0       0       0       0       0       0       0       0       0
      Temps:          0       0       0       0       0       0       0       0       0       0       0       0       0       0       0       0       0
      Totals:         0       0       0       0       0       0       0       0       0       0       0       0       0       0       0       0       0
Total ram usage:        0 bytes
 Hardware stack levels used:    1
 Hardware stack levels required when called:    3
 This function calls:
		Nothing
 This function is called by:
		_main
 This function uses a non-reentrant model


 *************** function _Enable_INT_Interrupt *****************
 Defined at:
		line 31 in file "Interrupt.c"
 Parameters:    Size  Location     Type
		None
 Auto vars:     Size  Location     Type
		None
 Return value:  Size  Location     Type
		None               void
 Registers used:
		None
 Tracked objects:
		On entry : 
		On exit  : 
		Unchanged: 
 Data sizes:     COMRAM   BANK0   BANK1   BANK2   BANK3   BANK4   BANK5   BANK6   BANK7   BANK8   BANK9  BANK10  BANK11  BANK12  BANK13  BANK14  BANK15
      Params:         0       0       0       0       0       0       0       0       0       0       0       0       0       0       0       0       0
      Locals:         0       0       0       0       0       0       0       0       0       0       0       0       0       0       0       0       0
      Temps:          0       0       0       0       0       0       0       0       0       0       0       0       0       0       0       0       0
      Totals:         0       0       0       0       0       0       0       0       0       0       0       0       0       0       0       0       0
Total ram usage:        0 bytes
 Hardware stack levels used:    1
 Hardware stack levels required when called:    3
 This function calls:
		Nothing
 This function is called by:
		_main
 This function uses a non-reentrant model


 *************** function _Deactivate_Buzzer *****************
 Defined at:
		line 90 in file "utils.c"
 Parameters:    Size  Location     Type
		None
 Auto vars:     Size  Location     Type
		None
 Return value:  Size  Location     Type
		None               void
 Registers used:
		wreg, status,2
 Tracked objects:
		On entry : 
		On exit  : 
		Unchanged: 
 Data sizes:     COMRAM   BANK0   BANK1   BANK2   BANK3   BANK4   BANK5   BANK6   BANK7   BANK8   BANK9  BANK10  BANK11  BANK12  BANK13  BANK14  BANK15
      Params:         0       0       0       0       0       0       0       0       0       0       0       0       0       0       0       0       0
      Locals:         0       0       0       0       0       0       0       0       0       0       0       0       0       0       0       0       0
      Temps:          0       0       0       0       0       0       0       0       0       0       0       0       0       0       0       0       0
      Totals:         0       0       0       0       0       0       0       0       0       0       0       0       0       0       0       0       0
Total ram usage:        0 bytes
 Hardware stack levels used:    1
 Hardware stack levels required when called:    3
 This function calls:
		Nothing
 This function is called by:
		_main
		_Do_Beep
 This function uses a non-reentrant model


 *************** function _Activate_Buzzer *****************
 Defined at:
		line 67 in file "utils.c"
 Parameters:    Size  Location     Type
		None
 Auto vars:     Size  Location     Type
		None
 Return value:  Size  Location     Type
		None               void
 Registers used:
		wreg, status,2
 Tracked objects:
		On entry : 
		On exit  : 
		Unchanged: 
 Data sizes:     COMRAM   BANK0   BANK1   BANK2   BANK3   BANK4   BANK5   BANK6   BANK7   BANK8   BANK9  BANK10  BANK11  BANK12  BANK13  BANK14  BANK15
      Params:         0       0       0       0       0       0       0       0       0       0       0       0       0       0       0       0       0
      Locals:         0       0       0       0       0       0       0       0       0       0       0       0       0       0       0       0       0
      Temps:          0       0       0       0       0       0       0       0       0       0       0       0       0       0       0       0       0
      Totals:         0       0       0       0       0       0       0       0       0       0       0       0       0       0       0       0       0
Total ram usage:        0 bytes
 Hardware stack levels used:    1
 Hardware stack levels required when called:    3
 This function calls:
		Nothing
 This function is called by:
		_main
		_Do_Beep
 This function uses a non-reentrant model


 *************** function _chkisr *****************
 Defined at:
		line 37 in file "Interrupt.c"
 Parameters:    Size  Location     Type
		None
 Auto vars:     Size  Location     Type
		None
 Return value:  Size  Location     Type
		None               void
 Registers used:
		wreg, status,2, status,0, cstack
 Tracked objects:
		On entry : 
		On exit  : 
		Unchanged: 
 Data sizes:     COMRAM   BANK0   BANK1   BANK2   BANK3   BANK4   BANK5   BANK6   BANK7   BANK8   BANK9  BANK10  BANK11  BANK12  BANK13  BANK14  BANK15
      Params:         0       0       0       0       0       0       0       0       0       0       0       0       0       0       0       0       0
      Locals:         0       0       0       0       0       0       0       0       0       0       0       0       0       0       0       0       0
      Temps:         14       0       0       0       0       0       0       0       0       0       0       0       0       0       0       0       0
      Totals:        14       0       0       0       0       0       0       0       0       0       0       0       0       0       0       0       0
Total ram usage:       14 bytes
 Hardware stack levels used:    1
 Hardware stack levels required when called:    2
 This function calls:
		_INTx_isr
		_TIMER1_isr
 This function is called by:
		Interrupt level 2
 This function uses a non-reentrant model


 *************** function _TIMER1_isr *****************
 Defined at:
		line 43 in file "Interrupt.c"
 Parameters:    Size  Location     Type
		None
 Auto vars:     Size  Location     Type
		None
 Return value:  Size  Location     Type
		None               void
 Registers used:
		wreg, status,2
 Tracked objects:
		On entry : 
		On exit  : 
		Unchanged: 
 Data sizes:     COMRAM   BANK0   BANK1   BANK2   BANK3   BANK4   BANK5   BANK6   BANK7   BANK8   BANK9  BANK10  BANK11  BANK12  BANK13  BANK14  BANK15
      Params:         0       0       0       0       0       0       0       0       0       0       0       0       0       0       0       0       0
      Locals:         0       0       0       0       0       0       0       0       0       0       0       0       0       0       0       0       0
      Temps:          0       0       0       0       0       0       0       0       0       0       0       0       0       0       0       0       0
      Totals:         0       0       0       0       0       0       0       0       0       0       0       0       0       0       0       0       0
Total ram usage:        0 bytes
 Hardware stack levels used:    1
 This function calls:
		Nothing
 This function is called by:
		_chkisr
 This function uses a non-reentrant model


 *************** function _INTx_isr *****************
 Defined at:
		line 57 in file "Interrupt.c"
 Parameters:    Size  Location     Type
		None
 Auto vars:     Size  Location     Type
		None
 Return value:  Size  Location     Type
		None               void
 Registers used:
		wreg, status,2, status,0, cstack
 Tracked objects:
		On entry : 
		On exit  : 
		Unchanged: 
 Data sizes:     COMRAM   BANK0   BANK1   BANK2   BANK3   BANK4   BANK5   BANK6   BANK7   BANK8   BANK9  BANK10  BANK11  BANK12  BANK13  BANK14  BANK15
      Params:         0       0       0       0       0       0       0       0       0       0       0       0       0       0       0       0       0
      Locals:         0       0       0       0       0       0       0       0       0       0       0       0       0       0       0       0       0
      Temps:          2       0       0       0       0       0       0       0       0       0       0       0       0       0       0       0       0
      Totals:         2       0       0       0       0       0       0       0       0       0       0       0       0       0       0       0       0
Total ram usage:        2 bytes
 Hardware stack levels used:    1
 Hardware stack levels required when called:    1
 This function calls:
		_Reset_Nec_State
 This function is called by:
		_chkisr
 This function uses a non-reentrant model


 *************** function _Reset_Nec_State *****************
 Defined at:
		line 51 in file "Interrupt.c"
 Parameters:    Size  Location     Type
		None
 Auto vars:     Size  Location     Type
		None
 Return value:  Size  Location     Type
		None               void
 Registers used:
		wreg, status,2
 Tracked objects:
		On entry : 
		On exit  : 
		Unchanged: 
 Data sizes:     COMRAM   BANK0   BANK1   BANK2   BANK3   BANK4   BANK5   BANK6   BANK7   BANK8   BANK9  BANK10  BANK11  BANK12  BANK13  BANK14  BANK15
      Params:         0       0       0       0       0       0       0       0       0       0       0       0       0       0       0       0       0
      Locals:         0       0       0       0       0       0       0       0       0       0       0       0       0       0       0       0       0
      Temps:          0       0       0       0       0       0       0       0       0       0       0       0       0       0       0       0       0
      Totals:         0       0       0       0       0       0       0       0       0       0       0       0       0       0       0       0       0
Total ram usage:        0 bytes
 Hardware stack levels used:    1
 This function calls:
		Nothing
 This function is called by:
		_INTx_isr
 This function uses a non-reentrant model



MODULE INFORMATION

Module		Function		Class		Link	Load	Size
C:\Program Files (x86)\Microchip\xc8\v1.34\sources\pic18\plib\USART\uopen.c
		_OpenUSART     		CODE           	112E	0000	113

C:\Program Files (x86)\Microchip\xc8\v1.34\sources\pic18\plib\USART\uopen.c estimated size: 113

C:\Program Files (x86)\Microchip\xc8\v1.34\sources\common\lwmod.c
		___lwmod       		CODE           	12EC	0000	77

C:\Program Files (x86)\Microchip\xc8\v1.34\sources\common\lwmod.c estimated size: 77

ST7735_TFT.c
		_drawChar      		CODE           	07EA	0000	343
		_drawCircle    		CODE           	049E	0000	431
		_fillScreen    		CODE           	14F2	0000	29
		_Rcmd3         		CODE           	0C92	0000	243
		_write_data    		CODE           	15A2	0000	17
		_setAddrWindow 		CODE           	129E	0000	79
		_drawtext      		CODE           	0B88	0000	267
		_fillRect      		CODE           	1338	0000	75
		_LCD_Reset     		CODE           	157E	0000	19
		_fillCircle    		CODE           	11FA	0000	83
		_drawPixel     		CODE           	1470	0000	49
		_fillRectangle 		CODE           	0D84	0000	221
		_write_command 		CODE           	15B2	0000	17
		_fillCircleHelp		CODE           	0940	0000	313
		_drawFastVLine 		CODE           	0FA8	0000	137
		_Rcmd2red      		CODE           	1400	0000	63
		_TFT_GreenTab_I		CODE           	14A0	0000	43
		_delay_ms      		CODE           	124C	0000	83
		_Rcmd1         		CODE           	0A78	0000	273
		_spiwrite      		CODE           	1556	0000	21

ST7735_TFT.c estimated size: 2806

Main_Screen.c
		_Initialize_LCD		CODE           	0F08	0000	161

Main_Screen.c estimated size: 161

C:\Program Files (x86)\Microchip\xc8\v1.34\sources\common\strlen.c
		_strlen        		CODE           	13C2	0000	63

C:\Program Files (x86)\Microchip\xc8\v1.34\sources\common\strlen.c estimated size: 63

shared
		_font          		MEDIUMCONST    	FDCF	0000	256
		_dpowers       		MEDIUMCONST    	FFAA	0000	11
		__initializatio		CODE           	1030	0000	121
		_hexpowers     		MEDIUMCONST    	FFB4	0000	9
		_font2         		MEDIUMCONST    	FECE	0000	221

shared estimated size: 618

Interrupt.c
		_INTx_isr      		CODE           	064C	0000	415
		_TIMER1_isr    		CODE           	15D0	0000	13
		_Init_Interrupt		CODE           	1528	0000	25
		_Enable_INT_Int		CODE           	15F6	0000	7
		_Reset_Nec_Stat		CODE           	15EE	0000	9
		_chkisr        		CODE           	0008	0000	141

Interrupt.c estimated size: 610

C:\Program Files (x86)\Microchip\xc8\v1.34\sources\common\strcpy.c
		_strcpy        		CODE           	143E	0000	51

C:\Program Files (x86)\Microchip\xc8\v1.34\sources\common\strcpy.c estimated size: 51

C:\Program Files (x86)\Microchip\xc8\v1.34\sources\common\lwdiv.c
		___lwdiv       		CODE           	119E	0000	93

C:\Program Files (x86)\Microchip\xc8\v1.34\sources\common\lwdiv.c estimated size: 93

utils.c
		_Init_UART     		CODE           	156A	0000	21
		_putch         		CODE           	15C2	0000	15
		_Deactivate_Buz		CODE           	15E6	0000	9
		_Wait_Half_Seco		CODE           	150E	0000	27
		_Wait_One_Sec  		CODE           	15DC	0000	11
		_Activate_Buzze		CODE           	1590	0000	19

utils.c estimated size: 102

F25_Lab10_S1_sample.c
		_main          		CODE           	001C	0000	625

F25_Lab10_S1_sample.c estimated size: 625

C:\Program Files (x86)\Microchip\xc8\v1.34\sources\common\doprnt.c
		_printf        		CODE           	028C	0000	531

C:\Program Files (x86)\Microchip\xc8\v1.34\sources\common\doprnt.c estimated size: 531

C:\Program Files (x86)\Microchip\xc8\v1.34\sources\common\Umul16.c
		___wmul        		CODE           	14CA	0000	41

C:\Program Files (x86)\Microchip\xc8\v1.34\sources\common\Umul16.c estimated size: 41

